 ex_blkHoughTransform_sfun

 Timestamp is 6614d8b0 (Tue Apr  9 13:57:04 2024)

 Preferred load address is 0000000180000000

 Start         Length     Name                   Class
 0001:00000000 00012c30H .text$mn                CODE
 0001:00012c30 00000036H .text$mn$00             CODE
 0001:00012c66 00000092H .text$x                 CODE
 0002:00000000 00000488H .idata$5                DATA
 0002:00000488 00000028H .00cfg                  DATA
 0002:000004b0 00000008H .CRT$XCA                DATA
 0002:000004b8 00000008H .CRT$XCZ                DATA
 0002:000004c0 00000008H .CRT$XIA                DATA
 0002:000004c8 00000008H .CRT$XIZ                DATA
 0002:000004d0 00000008H .CRT$XPA                DATA
 0002:000004d8 00000008H .CRT$XPZ                DATA
 0002:000004e0 00000008H .CRT$XTA                DATA
 0002:000004e8 00000008H .CRT$XTZ                DATA
 0002:000004f0 00000000H .gehcont$y              DATA
 0002:000004f0 00000000H .gfids$y                DATA
 0002:000004f0 00000290H .rdata                  DATA
 0002:00000780 00000008H .rdata$CastGuardVftablesA DATA
 0002:00000788 00000008H .rdata$CastGuardVftablesC DATA
 0002:00000790 000001c0H .rdata$voltmd           DATA
 0002:00000950 00000278H .rdata$zzzdbg           DATA
 0002:00000bc8 00000008H .rtc$IAA                DATA
 0002:00000bd0 00000008H .rtc$IZZ                DATA
 0002:00000bd8 00000008H .rtc$TAA                DATA
 0002:00000be0 00000008H .rtc$TZZ                DATA
 0002:00000be8 00000a58H .xdata                  DATA
 0002:00001640 00000084H .edata                  DATA
 0002:000016c4 0000012cH .idata$2                DATA
 0002:000017f0 00000018H .idata$3                DATA
 0002:00001808 00000488H .idata$4                DATA
 0002:00001c90 00000c4eH .idata$6                DATA
 0003:00000000 00003ff0H .data                   DATA
 0003:00003ff0 00000be0H .bss                    DATA
 0004:00000000 00000cb4H .pdata                  DATA

  Address         Publics by Value              Rva+Base               Lib:Object

 0000:00000000       __arm64x_redirection_metadata_count 0000000000000000     <absolute>
 0000:00000000       __guard_fids_count         0000000000000000     <absolute>
 0000:00000000       __arm64x_extra_rfe_table   0000000000000000     <absolute>
 0000:00000000       ___safe_se_handler_table   0000000000000000     <absolute>
 0000:00000000       __guard_fids_table         0000000000000000     <absolute>
 0000:00000000       __guard_longjmp_count      0000000000000000     <absolute>
 0000:00000000       __x64_code_ranges_to_entry_points_count 0000000000000000     <absolute>
 0000:00000000       __AbsoluteZero             0000000000000000     <absolute>
 0000:00000000       __hybrid_code_map          0000000000000000     <absolute>
 0000:00000000       __arm64x_extra_rfe_table_size 0000000000000000     <absolute>
 0000:00000000       __guard_iat_count          0000000000000000     <absolute>
 0000:00000000       ___safe_se_handler_count   0000000000000000     <absolute>
 0000:00000000       __x64_code_ranges_to_entry_points 0000000000000000     <absolute>
 0000:00000000       __hybrid_auxiliary_iat     0000000000000000     <absolute>
 0000:00000000       __dynamic_value_reloc_table 0000000000000000     <absolute>
 0000:00000000       __arm64x_redirection_metadata 0000000000000000     <absolute>
 0000:00000000       __hybrid_code_map_count    0000000000000000     <absolute>
 0000:00000000       __guard_longjmp_table      0000000000000000     <absolute>
 0000:00000000       __guard_check_icall_a64n_fptr 0000000000000000     <absolute>
 0000:00000000       __enclave_config           0000000000000000     <absolute>
 0000:00000000       __guard_iat_table          0000000000000000     <absolute>
 0000:00000000       __guard_eh_cont_table      0000000000000000     <absolute>
 0000:00000000       __hybrid_auxiliary_iat_copy 0000000000000000     <absolute>
 0000:00000000       __arm64x_native_entrypoint 0000000000000000     <absolute>
 0000:00000000       __guard_eh_cont_count      0000000000000000     <absolute>
 0000:00000100       __guard_flags              0000000000000100     <absolute>
 0000:00000000       __ImageBase                0000000180000000     <linker-defined>
 0001:00000000       ex_blkHoughTransform_initializer 0000000180001000 f   ex_blkHoughTransform_sfun.obj
 0001:00000010       ex_blkHoughTransform_terminator 0000000180001010 f   ex_blkHoughTransform_sfun.obj
 0001:00000020       load_ex_blkHoughTransform_optimization_info 0000000180001020 f   ex_blkHoughTransform_sfun.obj
 0001:000000d0       unload_ex_blkHoughTransform_optimization_info 00000001800010d0 f   ex_blkHoughTransform_sfun.obj
 0001:00000100       sf_ex_blkHoughTransform_method_dispatcher 0000000180001100 f   ex_blkHoughTransform_sfun.obj
 0001:00000150       sf_ex_blkHoughTransform_process_check_sum_call 0000000180001150 f   ex_blkHoughTransform_sfun.obj
 0001:00000640       sf_ex_blkHoughTransform_get_eml_resolved_functions_info 0000000180001640 f   ex_blkHoughTransform_sfun.obj
 0001:00000820       sf_ex_blkHoughTransform_third_party_uses_info 0000000180001820 f   ex_blkHoughTransform_sfun.obj
 0001:000009f0       sf_ex_blkHoughTransform_jit_fallback_info 00000001800019f0 f   ex_blkHoughTransform_sfun.obj
 0001:00000bc0       sf_ex_blkHoughTransform_get_post_codegen_info 0000000180001bc0 f   ex_blkHoughTransform_sfun.obj
 0001:00000da0       sf_ex_blkHoughTransform_updateBuildInfo_args_info 0000000180001da0 f   ex_blkHoughTransform_sfun.obj
 0001:00000f70       ex_blkHoughTransform_register_exported_symbols 0000000180001f70 f   ex_blkHoughTransform_sfun.obj
 0001:00000f80       sf_c2_ex_blkHoughTransform_get_eml_resolved_functions_info 0000000180001f80 f   c2_ex_blkHoughTransform.obj
 0001:00001000       sf_c2_ex_blkHoughTransform_get_check_sum 0000000180002000 f   c2_ex_blkHoughTransform.obj
 0001:000010d0       c2_ex_blkHoughTransform_method_dispatcher 00000001800020d0 f   c2_ex_blkHoughTransform.obj
 0001:00005ce0       sf_c2_ex_blkHoughTransform_third_party_uses_info 0000000180006ce0 f   c2_ex_blkHoughTransform.obj
 0001:00005d30       sf_c2_ex_blkHoughTransform_jit_fallback_info 0000000180006d30 f   c2_ex_blkHoughTransform.obj
 0001:00005ec0       sf_c2_ex_blkHoughTransform_updateBuildInfo_args_info 0000000180006ec0 f   c2_ex_blkHoughTransform.obj
 0001:000061f0       sf_c2_ex_blkHoughTransform_get_post_codegen_info 00000001800071f0 f   c2_ex_blkHoughTransform.obj
 0001:000066d0       mexFunction                00000001800076d0 f   ex_blkHoughTransform_sfun_registry.obj
 0001:00008fa0       _ssSetInputPortDirectFeedThroughFcn 0000000180009fa0 f   ex_blkHoughTransform_sfun_registry.obj
 0001:00009110       _ssSetRWorkValueFcn        000000018000a110 f   ex_blkHoughTransform_sfun_registry.obj
 0001:00009190       _ssGetRWorkValueFcn        000000018000a190 f   ex_blkHoughTransform_sfun_registry.obj
 0001:00009200       _ssSetIWorkValueFcn        000000018000a200 f   ex_blkHoughTransform_sfun_registry.obj
 0001:00009280       _ssGetIWorkValueFcn        000000018000a280 f   ex_blkHoughTransform_sfun_registry.obj
 0001:000092f0       _ssSetPWorkValueFcn        000000018000a2f0 f   ex_blkHoughTransform_sfun_registry.obj
 0001:00009370       _ssGetPWorkValueFcn        000000018000a370 f   ex_blkHoughTransform_sfun_registry.obj
 0001:000093e0       _ssGetInputPortSignalFcn   000000018000a3e0 f   ex_blkHoughTransform_sfun_registry.obj
 0001:00009770       _ssGetInputPortBufferDstPortFcn 000000018000a770 f   ex_blkHoughTransform_sfun_registry.obj
 0001:000097f0       _ssGetInputPortSignalPtrsFcn 000000018000a7f0 f   ex_blkHoughTransform_sfun_registry.obj
 0001:00009b80       ssGetParameterTuningCompliance 000000018000ab80 f   ex_blkHoughTransform_sfun_registry.obj
 0001:00009bf0       _ssReadInputStringFcn      000000018000abf0 f   ex_blkHoughTransform_sfun_registry.obj
 0001:00009c60       ssGetDTypeIdFromMxArray    000000018000ac60 f   ex_blkHoughTransform_sfun_registry.obj
 0001:00009d80       ssWriteRTWMx2dMatParam     000000018000ad80 f   ex_blkHoughTransform_sfun_registry.obj
 0001:00009e10       ssWriteRTWMxVectParam      000000018000ae10 f   ex_blkHoughTransform_sfun_registry.obj
 0001:00009e90       ssWriteRTWParameters       000000018000ae90 f   ex_blkHoughTransform_sfun_registry.obj
 0001:0000a450       ssWriteRTWParamSettings    000000018000b450 f   ex_blkHoughTransform_sfun_registry.obj
 0001:0000ab40       ssWriteRTWStr              000000018000bb40 f   ex_blkHoughTransform_sfun_registry.obj
 0001:0000aba0       ssWriteRTWWorkVect         000000018000bba0 f   ex_blkHoughTransform_sfun_registry.obj
 0001:0000b100       ssWarning                  000000018000c100 f   ex_blkHoughTransform_sfun_registry.obj
 0001:0000b1f0       ssGetRootSS                000000018000c1f0 f   ex_blkHoughTransform_sfun_registry.obj
 0001:0000b2b0       ssGetParentSS              000000018000c2b0 f   ex_blkHoughTransform_sfun_registry.obj
 0001:0000b370       ssWriteRTWNameValuePair    000000018000c370 f   ex_blkHoughTransform_sfun_registry.obj
 0001:0000b870       _ssSetInputPortMatrixDimensions 000000018000c870 f   ex_blkHoughTransform_sfun_registry.obj
 0001:0000b9c0       _ssSetOutputPortMatrixDimensions 000000018000c9c0 f   ex_blkHoughTransform_sfun_registry.obj
 0001:0000bb10       _ssSetInputPortVectorDimension 000000018000cb10 f   ex_blkHoughTransform_sfun_registry.obj
 0001:0000bbc0       _ssSetOutputPortVectorDimension 000000018000cbc0 f   ex_blkHoughTransform_sfun_registry.obj
 0001:0000bc70       ssIsRunTimeParamTunable    000000018000cc70 f   ex_blkHoughTransform_sfun_registry.obj
 0001:0000bce0       ssGetSFuncBlockHandle      000000018000cce0 f   ex_blkHoughTransform_sfun_registry.obj
 0001:0000bd50       _ssGetCallSystemNumFcnCallDestinations 000000018000cd50 f   ex_blkHoughTransform_sfun_registry.obj
 0001:0000bdc0       _ssGetCurrentInputPortWidth 000000018000cdc0 f   ex_blkHoughTransform_sfun_registry.obj
 0001:0000bf00       _ssGetCurrentOutputPortWidth 000000018000cf00 f   ex_blkHoughTransform_sfun_registry.obj
 0001:0000c040       ssGetIsZeroCrossControlDisabled 000000018000d040 f   ex_blkHoughTransform_sfun_registry.obj
 0001:0000c0b0       ssSetIsInputPortUsedForContZcSignal 000000018000d0b0 f   ex_blkHoughTransform_sfun_registry.obj
 0001:0000c120       ssSetZcSignalIsZcElementDisc 000000018000d120 f   ex_blkHoughTransform_sfun_registry.obj
 0001:0000c1d0       ssSetZcSignalName          000000018000d1d0 f   ex_blkHoughTransform_sfun_registry.obj
 0001:0000c240       ssSetZcSignalWidth         000000018000d240 f   ex_blkHoughTransform_sfun_registry.obj
 0001:0000c2b0       ssSetZcSignalZcEventType   000000018000d2b0 f   ex_blkHoughTransform_sfun_registry.obj
 0001:0000c320       ssSetZcSignalType          000000018000d320 f   ex_blkHoughTransform_sfun_registry.obj
 0001:0000c390       ssSetZcSignalZcTol         000000018000d390 f   ex_blkHoughTransform_sfun_registry.obj
 0001:0000c400       ssSetZcSignalNeedsEventNotification 000000018000d400 f   ex_blkHoughTransform_sfun_registry.obj
 0001:0000c470       ssCreateAndAddZcSignalInfo 000000018000d470 f   ex_blkHoughTransform_sfun_registry.obj
 0001:0000c4e0       ssCloneAndAddZcSignalInfo  000000018000d4e0 f   ex_blkHoughTransform_sfun_registry.obj
 0001:0000c550       ssGetNumZcSignals          000000018000d550 f   ex_blkHoughTransform_sfun_registry.obj
 0001:0000c5c0       ssGetZcSignalVector        000000018000d5c0 f   ex_blkHoughTransform_sfun_registry.obj
 0001:0000c630       ssGetZcSignalName          000000018000d630 f   ex_blkHoughTransform_sfun_registry.obj
 0001:0000c6a0       ssGetZcSignalWidth         000000018000d6a0 f   ex_blkHoughTransform_sfun_registry.obj
 0001:0000c710       ssGetZcSignalZcEventType   000000018000d710 f   ex_blkHoughTransform_sfun_registry.obj
 0001:0000c780       ssGetZcSignalZcEvents      000000018000d780 f   ex_blkHoughTransform_sfun_registry.obj
 0001:0000c7f0       ssGetZcSignalType          000000018000d7f0 f   ex_blkHoughTransform_sfun_registry.obj
 0001:0000c860       ssGetZcSignalZcTol         000000018000d860 f   ex_blkHoughTransform_sfun_registry.obj
 0001:0000c8e0       ssGetZcSignalNeedsEventNotification 000000018000d8e0 f   ex_blkHoughTransform_sfun_registry.obj
 0001:0000c950       ssGetZcSignalIsZcElementDisc 000000018000d950 f   ex_blkHoughTransform_sfun_registry.obj
 0001:0000c9f0       ssGetIsInputPortElementContinuous 000000018000d9f0 f   ex_blkHoughTransform_sfun_registry.obj
 0001:0000ca90       _ssGetAbsTol               000000018000da90 f   ex_blkHoughTransform_sfun_registry.obj
 0001:0000cb00       _ssSetStateAbsTol          000000018000db00 f   ex_blkHoughTransform_sfun_registry.obj
 0001:0000cbe0       _ssSetInputPortReusableFcn 000000018000dbe0 f   ex_blkHoughTransform_sfun_registry.obj
 0001:0000cce0       _ssSetOutputPortReusableFcn 000000018000dce0 f   ex_blkHoughTransform_sfun_registry.obj
 0001:0000cde0       _ssSetSymbolicDimsSupport  000000018000dde0 f   ex_blkHoughTransform_sfun_registry.obj
 0001:0000ce50       _ssRegisterSymbolicDimsExpr 000000018000de50 f   ex_blkHoughTransform_sfun_registry.obj
 0001:0000ced0       _ssRegisterSymbolicDimsMATLABExpr 000000018000ded0 f   ex_blkHoughTransform_sfun_registry.obj
 0001:0000cf60       _ssRegisterSymbolicDims    000000018000df60 f   ex_blkHoughTransform_sfun_registry.obj
 0001:0000d000       _ssRegisterSymbolicDimsString 000000018000e000 f   ex_blkHoughTransform_sfun_registry.obj
 0001:0000d080       _ssRegisterSymbolicDimsIntValue 000000018000e080 f   ex_blkHoughTransform_sfun_registry.obj
 0001:0000d0f0       _ssRegisterSymbolicEqualRelation 000000018000e0f0 f   ex_blkHoughTransform_sfun_registry.obj
 0001:0000d160       _ssRegisterSymbolicEqualValue 000000018000e160 f   ex_blkHoughTransform_sfun_registry.obj
 0001:0000d1d0       _ssAmendLeadingSymbolicDims 000000018000e1d0 f   ex_blkHoughTransform_sfun_registry.obj
 0001:0000d250       _ssAmendTrailingSymbolicDims 000000018000e250 f   ex_blkHoughTransform_sfun_registry.obj
 0001:0000d2d0       _ssRegisterSymbolicDimsPlus 000000018000e2d0 f   ex_blkHoughTransform_sfun_registry.obj
 0001:0000d350       _ssRegisterSymbolicDimsMinus 000000018000e350 f   ex_blkHoughTransform_sfun_registry.obj
 0001:0000d3d0       _ssRegisterSymbolicDimsMultiply 000000018000e3d0 f   ex_blkHoughTransform_sfun_registry.obj
 0001:0000d450       _ssRegisterSymbolicDimsDivide 000000018000e450 f   ex_blkHoughTransform_sfun_registry.obj
 0001:0000d4d0       _ssGetNumSymbolicDims      000000018000e4d0 f   ex_blkHoughTransform_sfun_registry.obj
 0001:0000d540       _ssGetSymbolicDim          000000018000e540 f   ex_blkHoughTransform_sfun_registry.obj
 0001:0000d5c0       _ssSetInputPortSymbolicDimsId 000000018000e5c0 f   ex_blkHoughTransform_sfun_registry.obj
 0001:0000d630       _ssGetCompInputPortSymbolicDimsId 000000018000e630 f   ex_blkHoughTransform_sfun_registry.obj
 0001:0000d6a0       _ssSetCompInputPortSymbolicDimsId 000000018000e6a0 f   ex_blkHoughTransform_sfun_registry.obj
 0001:0000d710       _ssSetOutputPortSymbolicDimsId 000000018000e710 f   ex_blkHoughTransform_sfun_registry.obj
 0001:0000d780       _ssGetCompOutputPortSymbolicDimsId 000000018000e780 f   ex_blkHoughTransform_sfun_registry.obj
 0001:0000d7f0       _ssSetCompOutputPortSymbolicDimsId 000000018000e7f0 f   ex_blkHoughTransform_sfun_registry.obj
 0001:0000d860       _ssGetDWorkSymbolicDimsId  000000018000e860 f   ex_blkHoughTransform_sfun_registry.obj
 0001:0000d8d0       _ssSetDWorkSymbolicDimsId  000000018000e8d0 f   ex_blkHoughTransform_sfun_registry.obj
 0001:0000d940       _ssGetCompDWorkSymbolicDimsId 000000018000e940 f   ex_blkHoughTransform_sfun_registry.obj
 0001:0000d9b0       _ssSetCompDWorkSymbolicDimsId 000000018000e9b0 f   ex_blkHoughTransform_sfun_registry.obj
 0001:0000da20       _ssCreateSLCGStringBuffer  000000018000ea20 f   ex_blkHoughTransform_sfun_registry.obj
 0001:0000da90       _ssAddToSLCGStringBuffer   000000018000ea90 f   ex_blkHoughTransform_sfun_registry.obj
 0001:0000db00       _ssGetPointerContainedData 000000018000eb00 f   ex_blkHoughTransform_sfun_registry.obj
 0001:0000db90       _ssGetPointerContainedDataWidth 000000018000eb90 f   ex_blkHoughTransform_sfun_registry.obj
 0001:0000dc20       _ssRegisterDynamicArrayDataTypeFcn 000000018000ec20 f   ex_blkHoughTransform_sfun_registry.obj
 0001:0000dcc0       _ssGetDynamicArrayContainedDataCurrentWidthFcn 000000018000ecc0 f   ex_blkHoughTransform_sfun_registry.obj
 0001:0000dd90       _ssGetDynamicArrayContainedDataFcn 000000018000ed90 f   ex_blkHoughTransform_sfun_registry.obj
 0001:0000de60       _ssGetInputPortDynamicArrayDataFcn 000000018000ee60 f   ex_blkHoughTransform_sfun_registry.obj
 0001:0000df20       _ssGetOutputPortDynamicArrayDataFcn 000000018000ef20 f   ex_blkHoughTransform_sfun_registry.obj
 0001:0000dfe0       _ssGetInputPortDynamicArrayContainedDataFcn 000000018000efe0 f   ex_blkHoughTransform_sfun_registry.obj
 0001:0000e0a0       _ssGetOutputPortDynamicArrayContainedDataFcn 000000018000f0a0 f   ex_blkHoughTransform_sfun_registry.obj
 0001:0000e160       _ssGetDynamicArrayDWorkContainedDataFcn 000000018000f160 f   ex_blkHoughTransform_sfun_registry.obj
 0001:0000e220       sf_process_check_sum_call  000000018000f220 f   ex_blkHoughTransform_sfun_registry.obj
 0001:0000e270       sf_process_get_third_party_uses_info_call 000000018000f270 f   ex_blkHoughTransform_sfun_registry.obj
 0001:0000e4a0       sf_process_get_jit_fallback_info_call 000000018000f4a0 f   ex_blkHoughTransform_sfun_registry.obj
 0001:0000e6d0       sf_process_get_post_codegen_info_call 000000018000f6d0 f   ex_blkHoughTransform_sfun_registry.obj
 0001:0000e900       sf_process_get_updateBuildInfo_args_info_call 000000018000f900 f   ex_blkHoughTransform_sfun_registry.obj
 0001:0000eb30       sf_process_get_eml_resolved_functions_info_call 000000018000fb30 f   ex_blkHoughTransform_sfun_registry.obj
 0001:0000ed60       sf_mex_unlock_call         000000018000fd60 f   ex_blkHoughTransform_sfun_registry.obj
 0001:0000ef80       sf_machine_global_initializer_called 000000018000ff80 f   ex_blkHoughTransform_sfun_registry.obj
 0001:0000efb0       sf_machine_global_method_dispatcher 000000018000ffb0 f   ex_blkHoughTransform_sfun_registry.obj
 0001:0000f010       sf_machine_global_terminator 0000000180010010 f   ex_blkHoughTransform_sfun_registry.obj
 0001:0000f040       sf_register_machine_exported_symbols 0000000180010040 f   ex_blkHoughTransform_sfun_registry.obj
 0001:0000f060       callCustomFcn              0000000180010060 f   ex_blkHoughTransform_sfun_registry.obj
 0001:0000f070       sf_machine_global_initializer 0000000180010070 f   ex_blkHoughTransform_sfun_registry.obj
 0001:0000f0e0       mdlGetSimState             00000001800100e0 f   ex_blkHoughTransform_sfun_registry.obj
 0001:0000f120       mdlSetSimState             0000000180010120 f   ex_blkHoughTransform_sfun_registry.obj
 0001:0000fa90       ProcessMexSfunctionEveryCall 0000000180010a90 f   ex_blkHoughTransform_sfun_registry.obj
 0001:00010c10       __local_stdio_printf_options 0000000180011c10 f i ex_blkHoughTransform_sfun_registry.obj
 0001:00010c20       _vsnprintf_l               0000000180011c20 f i ex_blkHoughTransform_sfun_registry.obj
 0001:00010ca0       _vsprintf_l                0000000180011ca0 f i ex_blkHoughTransform_sfun_registry.obj
 0001:00010cf0       sprintf                    0000000180011cf0 f i ex_blkHoughTransform_sfun_registry.obj
 0001:00010d40       mexfilerequiredapiversion  0000000180011d40 f   c_mexapi_version.obj
 0001:00010d70       getBitfieldFromFloat       0000000180011d70 f   half_type.obj
 0001:00010da0       getFloatFromBitfield       0000000180011da0 f   half_type.obj
 0001:00010dd0       getBitfieldFromHalf        0000000180011dd0 f   half_type.obj
 0001:00010df0       getHalfFromBitfield        0000000180011df0 f   half_type.obj
 0001:00010e20       halfToFloat                0000000180011e20 f   half_type.obj
 0001:00010fa0       halfToDouble               0000000180011fa0 f   half_type.obj
 0001:00010fd0       floatToHalf                0000000180011fd0 f   half_type.obj
 0001:00011230       doubleToHalf               0000000180012230 f   half_type.obj
 0001:0001151b       getnumcores                000000018001251b f   libmwgetnumcores:libmwgetnumcores.dll
 0001:00011521       sf_load_rtw_optimization_info 0000000180012521 f   sf_runtime:sf_runtime.dll
 0001:00011527       sf_mex_decode              0000000180012527 f   sf_runtime:sf_runtime.dll
 0001:0001152d       sf_init_ChartRunTimeInfo   000000018001252d f   sf_runtime:sf_runtime.dll
 0001:00011533       sf_free_ChartRunTimeInfo   0000000180012533 f   sf_runtime:sf_runtime.dll
 0001:00011539       sf_reset_warnings_ChartRunTimeInfo 0000000180012539 f   sf_runtime:sf_runtime.dll
 0001:0001153f       sfrtGetEmlrtCtx            000000018001253f f   sf_runtime:sf_runtime.dll
 0001:00011545       sfrtGetCovrtInstance       0000000180012545 f   sf_runtime:sf_runtime.dll
 0001:0001154b       sf_get_chart_instance_ptr  000000018001254b f   sf_runtime:sf_runtime.dll
 0001:00011551       sfSetAnimationVectors      0000000180012551 f   sf_runtime:sf_runtime.dll
 0001:00011557       sim_mode_is_rtw_gen        0000000180012557 f   sf_runtime:sf_runtime.dll
 0001:0001155d       sim_mode_is_external       000000018001255d f   sf_runtime:sf_runtime.dll
 0001:00011563       sf_clear_rtw_identifier    0000000180012563 f   sf_runtime:sf_runtime.dll
 0001:00011569       sf_get_time                0000000180012569 f   sf_runtime:sf_runtime.dll
 0001:0001156f       sf_is_first_init_cond      000000018001256f f   sf_runtime:sf_runtime.dll
 0001:00011575       sfDoAnimationWrapper       0000000180012575 f   sf_runtime:sf_runtime.dll
 0001:0001157b       setDataBrowseFcn           000000018001257b f   sf_runtime:sf_runtime.dll
 0001:00011581       sf_set_work_widths         0000000180012581 f   sf_runtime:sf_runtime.dll
 0001:00011587       mdlProcessParamsCommon     0000000180012587 f   sf_runtime:sf_runtime.dll
 0001:0001158d       sfListenerCacheSimStruct   000000018001258d f   sf_runtime:sf_runtime.dll
 0001:00011593       sfListenerLightTerminate   0000000180012593 f   sf_runtime:sf_runtime.dll
 0001:00011599       sfListenerInitializeRuntimeVars 0000000180012599 f   sf_runtime:sf_runtime.dll
 0001:0001159f       sf_mex_call                000000018001259f f   sf_runtime:sf_runtime.dll
 0001:000115a5       sf_mex_error_message       00000001800125a5 f   sf_runtime:sf_runtime.dll
 0001:000115ab       sf_mex_create_class_instance 00000001800125ab f   sf_runtime:sf_runtime.dll
 0001:000115b1       sf_mex_set_all_properties  00000001800125b1 f   sf_runtime:sf_runtime.dll
 0001:000115b7       sf_mex_convert_to_redirect_source 00000001800125b7 f   sf_runtime:sf_runtime.dll
 0001:000115bd       sf_mex_create              00000001800125bd f   sf_runtime:sf_runtime.dll
 0001:000115c3       sf_mex_createcellmatrix    00000001800125c3 f   sf_runtime:sf_runtime.dll
 0001:000115c9       sf_mex_setcell             00000001800125c9 f   sf_runtime:sf_runtime.dll
 0001:000115cf       sf_mex_getcell             00000001800125cf f   sf_runtime:sf_runtime.dll
 0001:000115d5       sf_mex_assign              00000001800125d5 f   sf_runtime:sf_runtime.dll
 0001:000115db       sf_mex_dup                 00000001800125db f   sf_runtime:sf_runtime.dll
 0001:000115e1       sf_mex_destroy             00000001800125e1 f   sf_runtime:sf_runtime.dll
 0001:000115e7       sf_mex_import              00000001800125e7 f   sf_runtime:sf_runtime.dll
 0001:000115ed       ssGetInputPortSignal_wrapper 00000001800125ed f   sf_runtime:sf_runtime.dll
 0001:000115f3       sf_get_ChartInfoStruct_CodeGen 00000001800125f3 f   sf_runtime:sf_runtime.dll
 0001:000115f9       sf_get_hasSeparateUpdateOutputs 00000001800125f9 f   sf_runtime:sf_runtime.dll
 0001:000115ff       callMdlMethodAndReportError 00000001800125ff f   sf_runtime:sf_runtime.dll
 0001:00011605       call_sf_machine_global_method_dispatcher 0000000180012605 f   sf_runtime:sf_runtime.dll
 0001:0001160b       getRuntimeInstanceInfoAsVoid 000000018001260b f   sf_runtime:sf_runtime.dll
 0001:00011611       sf_mex_error_direct_call   0000000180012611 f   sf_runtime:sf_runtime.dll
 0001:00011617       sf_clear_error_manager_info 0000000180012617 f   sf_runtime:sf_runtime.dll
 0001:0001161d       mxIsChar_800               000000018001261d f   libmx:libmx.dll
 0001:00011623       mxGetScalar_800            0000000180012623 f   libmx:libmx.dll
 0001:00011629       mxGetPr_800                0000000180012629 f   libmx:libmx.dll
 0001:0001162f       mxDestroyArray_800         000000018001262f f   libmx:libmx.dll
 0001:00011635       mxCreateDoubleMatrix_800   0000000180012635 f   libmx:libmx.dll
 0001:0001163b       mxGetString_800            000000018001263b f   libmx:libmx.dll
 0001:00011641       mxDuplicateArray_800       0000000180012641 f   libmx:libmx.dll
 0001:00011647       mxSetCell_800              0000000180012647 f   libmx:libmx.dll
 0001:0001164d       mxSetField_800             000000018001264d f   libmx:libmx.dll
 0001:00011653       mxCreateString_800         0000000180012653 f   libmx:libmx.dll
 0001:00011659       mxCreateCellMatrix_800     0000000180012659 f   libmx:libmx.dll
 0001:0001165f       mxCreateStructMatrix_800   000000018001265f f   libmx:libmx.dll
 0001:00011665       mxCalloc_800               0000000180012665 f   libmx:libmx.dll
 0001:0001166b       mxGetM_800                 000000018001266b f   libmx:libmx.dll
 0001:00011671       mxGetClassID_800           0000000180012671 f   libmx:libmx.dll
 0001:00011677       mxIsNumeric_800            0000000180012677 f   libmx:libmx.dll
 0001:0001167d       mxIsComplex_800            000000018001267d f   libmx:libmx.dll
 0001:00011683       mxGetN_800                 0000000180012683 f   libmx:libmx.dll
 0001:00011689       mxCreateDoubleScalar_800   0000000180012689 f   libmx:libmx.dll
 0001:0001168f       mexMakeArrayPersistent_800 000000018001268f f   libmex:libmex.dll
 0001:00011695       mexErrMsgTxt_800           0000000180012695 f   libmex:libmex.dll
 0001:0001169b       mexWarnMsgTxt_800          000000018001269b f   libmex:libmex.dll
 0001:000116a1       mexCallMATLAB_800          00000001800126a1 f   libmex:libmex.dll
 0001:000116a7       mexLock_800                00000001800126a7 f   libmex:libmex.dll
 0001:000116ad       mexUnlock_800              00000001800126ad f   libmex:libmex.dll
 0001:000116b3       mexIsLocked_800            00000001800126b3 f   libmex:libmex.dll
 0001:000116b9       utMalloc                   00000001800126b9 f   libut:libut.dll
 0001:000116bf       utFree                     00000001800126bf f   libut:libut.dll
 0001:000116c5       muDoubleScalarAbs          00000001800126c5 f   libmwmathutil:libmwmathutil.dll
 0001:000116cb       muDoubleScalarMax          00000001800126cb f   libmwmathutil:libmwmathutil.dll
 0001:000116d1       muDoubleScalarMin          00000001800126d1 f   libmwmathutil:libmwmathutil.dll
 0001:000116d7       muDoubleScalarPower        00000001800126d7 f   libmwmathutil:libmwmathutil.dll
 0001:000116dd       muDoubleScalarIsNaN        00000001800126dd f   libmwmathutil:libmwmathutil.dll
 0001:000116e3       muDoubleScalarIsInf        00000001800126e3 f   libmwmathutil:libmwmathutil.dll
 0001:000116e9       emlrtLicenseCheckR2022a    00000001800126e9 f   libemlrt:libemlrt.dll
 0001:000116ef       covrtCreateStateflowInstanceData 00000001800126ef f   libcovrt:libcovrt.dll
 0001:000116f5       covrtDeleteStateflowInstanceData 00000001800126f5 f   libcovrt:libcovrt.dll
 0001:000116fb       covrtTransInitFcn          00000001800126fb f   libcovrt:libcovrt.dll
 0001:00011701       covrtStateInitFcn          0000000180012701 f   libcovrt:libcovrt.dll
 0001:00011707       covrtChartInitFcn          0000000180012707 f   libcovrt:libcovrt.dll
 0001:0001170d       covrtSigUpdateFcn          000000018001270d f   libcovrt:libcovrt.dll
 0001:00011713       covrtEmlInitFcn            0000000180012713 f   libcovrt:libcovrt.dll
 0001:00011719       covrtEmlFcnInitFcn         0000000180012719 f   libcovrt:libcovrt.dll
 0001:0001171f       covrtEmlFcnEval            000000018001271f f   libcovrt:libcovrt.dll
 0001:00011728       __raise_securityfailure    0000000180012728 f   MSVCRT:gs_report.obj
 0001:0001175c       __report_gsfailure         000000018001275c f   MSVCRT:gs_report.obj
 0001:00011830       __report_rangecheckfailure 0000000180012830 f   MSVCRT:gs_report.obj
 0001:00011844       __report_securityfailure   0000000180012844 f   MSVCRT:gs_report.obj
 0001:000118e0       __report_securityfailureEx 00000001800128e0 f   MSVCRT:gs_report.obj
 0001:00011ad4       __GSHandlerCheck           0000000180012ad4 f   MSVCRT:gshandler.obj
 0001:00011af4       __GSHandlerCheckCommon     0000000180012af4 f   MSVCRT:gshandler.obj
 0001:00011b60       __security_check_cookie    0000000180012b60 f   MSVCRT:amdsecgs.obj
 0001:00011ebc       _CRT_INIT                  0000000180012ebc f   MSVCRT:dll_dllmain.obj
 0001:00011ec4       _DllMainCRTStartup         0000000180012ec4 f   MSVCRT:dll_dllmain.obj
 0001:00011f70       __security_init_cookie     0000000180012f70 f   MSVCRT:gs_support.obj
 0001:0001201c       DllMain                    000000018001301c f   MSVCRT:dll_dllmain_stub.obj
 0001:00012040       ?__scrt_initialize_type_info@@YAXXZ 0000000180013040 f   MSVCRT:tncleanup.obj
 0001:00012050       ?__scrt_uninitialize_type_info@@YAXXZ 0000000180013050 f   MSVCRT:tncleanup.obj
 0001:0001205c       __local_stdio_scanf_options 000000018001305c f i MSVCRT:default_local_stdio_options.obj
 0001:00012064       __scrt_initialize_default_local_stdio_options 0000000180013064 f   MSVCRT:default_local_stdio_options.obj
 0001:00012080       ?configure_argv@__scrt_narrow_argv_policy@@SAHXZ 0000000180013080 f i MSVCRT:utility.obj
 0001:000120e0       ?initialize_environment@__scrt_narrow_environment_policy@@SAHXZ 00000001800130e0 f i MSVCRT:utility.obj
 0001:00012118       NtCurrentTeb               0000000180013118 f i MSVCRT:utility.obj
 0001:00012124       __scrt_acquire_startup_lock 0000000180013124 f   MSVCRT:utility.obj
 0001:00012160       __scrt_dllmain_after_initialize_c 0000000180013160 f   MSVCRT:utility.obj
 0001:00012194       __scrt_dllmain_before_initialize_c 0000000180013194 f   MSVCRT:utility.obj
 0001:000121ac       __scrt_dllmain_crt_thread_attach 00000001800131ac f   MSVCRT:utility.obj
 0001:000121d4       __scrt_dllmain_crt_thread_detach 00000001800131d4 f   MSVCRT:utility.obj
 0001:000121ec       __scrt_dllmain_exception_filter 00000001800131ec f   MSVCRT:utility.obj
 0001:0001224c       __scrt_dllmain_uninitialize_c 000000018001324c f   MSVCRT:utility.obj
 0001:0001227c       __scrt_dllmain_uninitialize_critical 000000018001327c f   MSVCRT:utility.obj
 0001:00012290       __scrt_initialize_crt      0000000180013290 f   MSVCRT:utility.obj
 0001:000122dc       __scrt_initialize_onexit_tables 00000001800132dc f   MSVCRT:utility.obj
 0001:00012368       __scrt_is_nonwritable_in_current_image 0000000180013368 f   MSVCRT:utility.obj
 0001:00012400       __scrt_release_startup_lock 0000000180013400 f   MSVCRT:utility.obj
 0001:00012424       __scrt_uninitialize_crt    0000000180013424 f   MSVCRT:utility.obj
 0001:00012450       _onexit                    0000000180013450 f   MSVCRT:utility.obj
 0001:0001248c       at_quick_exit              000000018001348c f   MSVCRT:utility.obj
 0001:000124ac       atexit                     00000001800134ac f   MSVCRT:utility.obj
 0001:000124c4       __scrt_get_dyn_tls_init_callback 00000001800134c4 f   MSVCRT:dyn_tls_init.obj
 0001:000124cc       __crt_debugger_hook        00000001800134cc f   MSVCRT:utility_desktop.obj
 0001:000124d4       __scrt_fastfail            00000001800134d4 f   MSVCRT:utility_desktop.obj
 0001:00012620       __scrt_get_show_window_mode 0000000180013620 f   MSVCRT:utility_desktop.obj
 0001:0001265c       __scrt_initialize_mta      000000018001365c f   MSVCRT:utility_desktop.obj
 0001:00012664       __scrt_initialize_winrt    0000000180013664 f   MSVCRT:utility_desktop.obj
 0001:00012668       __scrt_is_managed_app      0000000180013668 f   MSVCRT:utility_desktop.obj
 0001:000126bc       __scrt_set_unhandled_exception_filter 00000001800136bc f   MSVCRT:utility_desktop.obj
 0001:000126cc       __scrt_exe_initialize_mta  00000001800136cc f   MSVCRT:utility_desktop.obj
 0001:000126cc       __scrt_stub_for_initialize_mta 00000001800136cc f   MSVCRT:utility_desktop.obj
 0001:000126d0       __scrt_unhandled_exception_filter 00000001800136d0 f   MSVCRT:utility_desktop.obj
 0001:0001272c       _RTC_Initialize            000000018001372c f   MSVCRT:initsect.obj
 0001:00012768       _RTC_Terminate             0000000180013768 f   MSVCRT:initsect.obj
 0001:000127a4       _guard_check_icall_nop     00000001800137a4 f i MSVCRT:guard_support.obj
 0001:000127a8       ReadNoFence64              00000001800137a8 f i MSVCRT:guard_support.obj
 0001:000127ac       ReadPointerNoFence         00000001800137ac f i MSVCRT:guard_support.obj
 0001:000127b0       __castguard_check_failure_debugbreak 00000001800137b0 f i MSVCRT:guard_support.obj
 0001:000127cc       __castguard_check_failure_fastfail 00000001800137cc f i MSVCRT:guard_support.obj
 0001:000127f0       __castguard_check_failure_nop 00000001800137f0 f i MSVCRT:guard_support.obj
 0001:000127f4       __castguard_check_failure_os_handled 00000001800137f4 f i MSVCRT:guard_support.obj
 0001:00012854       __castguard_slow_path_check_debugbreak 0000000180013854 f i MSVCRT:guard_support.obj
 0001:00012888       __castguard_slow_path_check_fastfail 0000000180013888 f i MSVCRT:guard_support.obj
 0001:000128c4       __castguard_slow_path_check_nop 00000001800138c4 f i MSVCRT:guard_support.obj
 0001:000128c8       __castguard_slow_path_check_os_handled 00000001800138c8 f i MSVCRT:guard_support.obj
 0001:0001293c       _guard_icall_checks_enforced 000000018001393c f i MSVCRT:guard_support.obj
 0001:00012954       _guard_rf_checks_enforced  0000000180013954 f i MSVCRT:guard_support.obj
 0001:00012958       __isa_available_init       0000000180013958 f   MSVCRT:cpu_disp.obj
 0001:00012afc       _get_startup_argv_mode     0000000180013afc f   MSVCRT:argv_mode.obj
 0001:00012b04       __scrt_is_ucrt_dll_in_use  0000000180013b04 f   MSVCRT:ucrt_detection.obj
 0001:00012b10       RtlCaptureContext          0000000180013b10 f   kernel32:KERNEL32.dll
 0001:00012b16       RtlLookupFunctionEntry     0000000180013b16 f   kernel32:KERNEL32.dll
 0001:00012b1c       RtlVirtualUnwind           0000000180013b1c f   kernel32:KERNEL32.dll
 0001:00012b22       UnhandledExceptionFilter   0000000180013b22 f   kernel32:KERNEL32.dll
 0001:00012b28       SetUnhandledExceptionFilter 0000000180013b28 f   kernel32:KERNEL32.dll
 0001:00012b2e       GetCurrentProcess          0000000180013b2e f   kernel32:KERNEL32.dll
 0001:00012b34       TerminateProcess           0000000180013b34 f   kernel32:KERNEL32.dll
 0001:00012b3a       IsProcessorFeaturePresent  0000000180013b3a f   kernel32:KERNEL32.dll
 0001:00012b40       QueryPerformanceCounter    0000000180013b40 f   kernel32:KERNEL32.dll
 0001:00012b46       GetCurrentProcessId        0000000180013b46 f   kernel32:KERNEL32.dll
 0001:00012b4c       GetCurrentThreadId         0000000180013b4c f   kernel32:KERNEL32.dll
 0001:00012b52       GetSystemTimeAsFileTime    0000000180013b52 f   kernel32:KERNEL32.dll
 0001:00012b58       DisableThreadLibraryCalls  0000000180013b58 f   kernel32:KERNEL32.dll
 0001:00012b5e       InitializeSListHead        0000000180013b5e f   kernel32:KERNEL32.dll
 0001:00012b64       IsDebuggerPresent          0000000180013b64 f   kernel32:KERNEL32.dll
 0001:00012b6a       GetStartupInfoW            0000000180013b6a f   kernel32:KERNEL32.dll
 0001:00012b70       GetModuleHandleW           0000000180013b70 f   kernel32:KERNEL32.dll
 0001:00012b76       memset                     0000000180013b76 f   vcruntime:VCRUNTIME140.dll
 0001:00012b7c       memcpy                     0000000180013b7c f   vcruntime:VCRUNTIME140.dll
 0001:00012b82       __C_specific_handler       0000000180013b82 f   vcruntime:VCRUNTIME140.dll
 0001:00012b88       __std_type_info_destroy_list 0000000180013b88 f   vcruntime:VCRUNTIME140.dll
 0001:00012b8e       __current_exception        0000000180013b8e f   vcruntime:VCRUNTIME140.dll
 0001:00012b94       __current_exception_context 0000000180013b94 f   vcruntime:VCRUNTIME140.dll
 0001:00012b9a       strcmp                     0000000180013b9a f   ucrt:api-ms-win-crt-string-l1-1-0.dll
 0001:00012ba0       strcat                     0000000180013ba0 f   ucrt:api-ms-win-crt-string-l1-1-0.dll
 0001:00012ba6       frexp                      0000000180013ba6 f   ucrt:api-ms-win-crt-math-l1-1-0.dll
 0001:00012bac       trunc                      0000000180013bac f   ucrt:api-ms-win-crt-math-l1-1-0.dll
 0001:00012bb2       __stdio_common_vsprintf    0000000180013bb2 f   ucrt:api-ms-win-crt-stdio-l1-1-0.dll
 0001:00012bb8       free                       0000000180013bb8 f   ucrt:api-ms-win-crt-heap-l1-1-0.dll
 0001:00012bbe       malloc                     0000000180013bbe f   ucrt:api-ms-win-crt-heap-l1-1-0.dll
 0001:00012bc4       strlen                     0000000180013bc4 f   ucrt:api-ms-win-crt-string-l1-1-0.dll
 0001:00012bca       _initterm                  0000000180013bca f   ucrt:api-ms-win-crt-runtime-l1-1-0.dll
 0001:00012bd0       _initterm_e                0000000180013bd0 f   ucrt:api-ms-win-crt-runtime-l1-1-0.dll
 0001:00012bd6       _seh_filter_dll            0000000180013bd6 f   ucrt:api-ms-win-crt-runtime-l1-1-0.dll
 0001:00012bdc       _configure_narrow_argv     0000000180013bdc f   ucrt:api-ms-win-crt-runtime-l1-1-0.dll
 0001:00012be2       _initialize_narrow_environment 0000000180013be2 f   ucrt:api-ms-win-crt-runtime-l1-1-0.dll
 0001:00012be8       _initialize_onexit_table   0000000180013be8 f   ucrt:api-ms-win-crt-runtime-l1-1-0.dll
 0001:00012bee       _register_onexit_function  0000000180013bee f   ucrt:api-ms-win-crt-runtime-l1-1-0.dll
 0001:00012bf4       _execute_onexit_table      0000000180013bf4 f   ucrt:api-ms-win-crt-runtime-l1-1-0.dll
 0001:00012bfa       _crt_atexit                0000000180013bfa f   ucrt:api-ms-win-crt-runtime-l1-1-0.dll
 0001:00012c00       _crt_at_quick_exit         0000000180013c00 f   ucrt:api-ms-win-crt-runtime-l1-1-0.dll
 0001:00012c06       _cexit                     0000000180013c06 f   ucrt:api-ms-win-crt-runtime-l1-1-0.dll
 0001:00012c0c       terminate                  0000000180013c0c f   ucrt:api-ms-win-crt-runtime-l1-1-0.dll
 0001:00012c14       __acrt_initialize          0000000180013c14 f   MSVCRT:ucrt_stubs.obj
 0001:00012c14       __scrt_stub_for_acrt_initialize 0000000180013c14 f   MSVCRT:ucrt_stubs.obj
 0001:00012c14       __vcrt_initialize          0000000180013c14 f   MSVCRT:ucrt_stubs.obj
 0001:00012c18       __vcrt_thread_attach       0000000180013c18 f   MSVCRT:ucrt_stubs.obj
 0001:00012c18       __acrt_thread_attach       0000000180013c18 f   MSVCRT:ucrt_stubs.obj
 0001:00012c18       __scrt_stub_for_acrt_thread_attach 0000000180013c18 f   MSVCRT:ucrt_stubs.obj
 0001:00012c1c       __acrt_thread_detach       0000000180013c1c f   MSVCRT:ucrt_stubs.obj
 0001:00012c1c       __vcrt_thread_detach       0000000180013c1c f   MSVCRT:ucrt_stubs.obj
 0001:00012c1c       __scrt_stub_for_acrt_thread_detach 0000000180013c1c f   MSVCRT:ucrt_stubs.obj
 0001:00012c20       __acrt_uninitialize        0000000180013c20 f   MSVCRT:ucrt_stubs.obj
 0001:00012c20       __scrt_stub_for_acrt_uninitialize 0000000180013c20 f   MSVCRT:ucrt_stubs.obj
 0001:00012c20       __vcrt_uninitialize        0000000180013c20 f   MSVCRT:ucrt_stubs.obj
 0001:00012c24       __scrt_stub_for_acrt_uninitialize_critical 0000000180013c24 f   MSVCRT:ucrt_stubs.obj
 0001:00012c24       __acrt_uninitialize_critical 0000000180013c24 f   MSVCRT:ucrt_stubs.obj
 0001:00012c24       __vcrt_uninitialize_critical 0000000180013c24 f   MSVCRT:ucrt_stubs.obj
 0001:00012c28       __scrt_stub_for_is_c_termination_complete 0000000180013c28 f   MSVCRT:ucrt_stubs.obj
 0001:00012c28       _is_c_termination_complete 0000000180013c28 f   MSVCRT:ucrt_stubs.obj
 0001:00012c40       _guard_dispatch_icall_nop  0000000180013c40 f   MSVCRT:guard_dispatch.obj
 0001:00012c60       _guard_xfg_dispatch_icall_nop 0000000180013c60 f   MSVCRT:guard_xfg_dispatch.obj
 0002:00000000       __imp_IsDebuggerPresent    0000000180014000     kernel32:KERNEL32.dll
 0002:00000008       __imp_IsProcessorFeaturePresent 0000000180014008     kernel32:KERNEL32.dll
 0002:00000010       __imp_RtlCaptureContext    0000000180014010     kernel32:KERNEL32.dll
 0002:00000018       __imp_QueryPerformanceCounter 0000000180014018     kernel32:KERNEL32.dll
 0002:00000020       __imp_RtlLookupFunctionEntry 0000000180014020     kernel32:KERNEL32.dll
 0002:00000028       __imp_GetCurrentProcessId  0000000180014028     kernel32:KERNEL32.dll
 0002:00000030       __imp_GetCurrentThreadId   0000000180014030     kernel32:KERNEL32.dll
 0002:00000038       __imp_GetSystemTimeAsFileTime 0000000180014038     kernel32:KERNEL32.dll
 0002:00000040       __imp_DisableThreadLibraryCalls 0000000180014040     kernel32:KERNEL32.dll
 0002:00000048       __imp_InitializeSListHead  0000000180014048     kernel32:KERNEL32.dll
 0002:00000050       __imp_GetStartupInfoW      0000000180014050     kernel32:KERNEL32.dll
 0002:00000058       __imp_GetModuleHandleW     0000000180014058     kernel32:KERNEL32.dll
 0002:00000060       __imp_GetCurrentProcess    0000000180014060     kernel32:KERNEL32.dll
 0002:00000068       __imp_SetUnhandledExceptionFilter 0000000180014068     kernel32:KERNEL32.dll
 0002:00000070       __imp_TerminateProcess     0000000180014070     kernel32:KERNEL32.dll
 0002:00000078       __imp_UnhandledExceptionFilter 0000000180014078     kernel32:KERNEL32.dll
 0002:00000080       __imp_RtlVirtualUnwind     0000000180014080     kernel32:KERNEL32.dll
 0002:00000088       \177KERNEL32_NULL_THUNK_DATA 0000000180014088     kernel32:KERNEL32.dll
 0002:00000090       __imp___current_exception  0000000180014090     vcruntime:VCRUNTIME140.dll
 0002:00000098       __imp___current_exception_context 0000000180014098     vcruntime:VCRUNTIME140.dll
 0002:000000a0       __imp_memset               00000001800140a0     vcruntime:VCRUNTIME140.dll
 0002:000000a8       __imp___std_type_info_destroy_list 00000001800140a8     vcruntime:VCRUNTIME140.dll
 0002:000000b0       __imp_memcpy               00000001800140b0     vcruntime:VCRUNTIME140.dll
 0002:000000b8       __imp___C_specific_handler 00000001800140b8     vcruntime:VCRUNTIME140.dll
 0002:000000c0       \177VCRUNTIME140_NULL_THUNK_DATA 00000001800140c0     vcruntime:VCRUNTIME140.dll
 0002:000000c8       __imp_free                 00000001800140c8     ucrt:api-ms-win-crt-heap-l1-1-0.dll
 0002:000000d0       __imp_malloc               00000001800140d0     ucrt:api-ms-win-crt-heap-l1-1-0.dll
 0002:000000d8       \177api-ms-win-crt-heap-l1-1-0_NULL_THUNK_DATA 00000001800140d8     ucrt:api-ms-win-crt-heap-l1-1-0.dll
 0002:000000e0       __imp_frexp                00000001800140e0     ucrt:api-ms-win-crt-math-l1-1-0.dll
 0002:000000e8       __imp_trunc                00000001800140e8     ucrt:api-ms-win-crt-math-l1-1-0.dll
 0002:000000f0       \177api-ms-win-crt-math-l1-1-0_NULL_THUNK_DATA 00000001800140f0     ucrt:api-ms-win-crt-math-l1-1-0.dll
 0002:000000f8       __imp__configure_narrow_argv 00000001800140f8     ucrt:api-ms-win-crt-runtime-l1-1-0.dll
 0002:00000100       __imp__seh_filter_dll      0000000180014100     ucrt:api-ms-win-crt-runtime-l1-1-0.dll
 0002:00000108       __imp__initialize_onexit_table 0000000180014108     ucrt:api-ms-win-crt-runtime-l1-1-0.dll
 0002:00000110       __imp__register_onexit_function 0000000180014110     ucrt:api-ms-win-crt-runtime-l1-1-0.dll
 0002:00000118       __imp__initterm_e          0000000180014118     ucrt:api-ms-win-crt-runtime-l1-1-0.dll
 0002:00000120       __imp__execute_onexit_table 0000000180014120     ucrt:api-ms-win-crt-runtime-l1-1-0.dll
 0002:00000128       __imp__crt_atexit          0000000180014128     ucrt:api-ms-win-crt-runtime-l1-1-0.dll
 0002:00000130       __imp__crt_at_quick_exit   0000000180014130     ucrt:api-ms-win-crt-runtime-l1-1-0.dll
 0002:00000138       __imp__cexit               0000000180014138     ucrt:api-ms-win-crt-runtime-l1-1-0.dll
 0002:00000140       __imp_terminate            0000000180014140     ucrt:api-ms-win-crt-runtime-l1-1-0.dll
 0002:00000148       __imp__initialize_narrow_environment 0000000180014148     ucrt:api-ms-win-crt-runtime-l1-1-0.dll
 0002:00000150       __imp__initterm            0000000180014150     ucrt:api-ms-win-crt-runtime-l1-1-0.dll
 0002:00000158       \177api-ms-win-crt-runtime-l1-1-0_NULL_THUNK_DATA 0000000180014158     ucrt:api-ms-win-crt-runtime-l1-1-0.dll
 0002:00000160       __imp___stdio_common_vsprintf 0000000180014160     ucrt:api-ms-win-crt-stdio-l1-1-0.dll
 0002:00000168       \177api-ms-win-crt-stdio-l1-1-0_NULL_THUNK_DATA 0000000180014168     ucrt:api-ms-win-crt-stdio-l1-1-0.dll
 0002:00000170       __imp_strlen               0000000180014170     ucrt:api-ms-win-crt-string-l1-1-0.dll
 0002:00000178       __imp_strcat               0000000180014178     ucrt:api-ms-win-crt-string-l1-1-0.dll
 0002:00000180       __imp_strcmp               0000000180014180     ucrt:api-ms-win-crt-string-l1-1-0.dll
 0002:00000188       \177api-ms-win-crt-string-l1-1-0_NULL_THUNK_DATA 0000000180014188     ucrt:api-ms-win-crt-string-l1-1-0.dll
 0002:00000190       __imp_covrtCreateStateflowInstanceData 0000000180014190     libcovrt:libcovrt.dll
 0002:00000198       __imp_covrtEmlFcnEval      0000000180014198     libcovrt:libcovrt.dll
 0002:000001a0       __imp_covrtEmlFcnInitFcn   00000001800141a0     libcovrt:libcovrt.dll
 0002:000001a8       __imp_covrtEmlInitFcn      00000001800141a8     libcovrt:libcovrt.dll
 0002:000001b0       __imp_covrtSigUpdateFcn    00000001800141b0     libcovrt:libcovrt.dll
 0002:000001b8       __imp_covrtChartInitFcn    00000001800141b8     libcovrt:libcovrt.dll
 0002:000001c0       __imp_covrtStateInitFcn    00000001800141c0     libcovrt:libcovrt.dll
 0002:000001c8       __imp_covrtTransInitFcn    00000001800141c8     libcovrt:libcovrt.dll
 0002:000001d0       __imp_covrtDeleteStateflowInstanceData 00000001800141d0     libcovrt:libcovrt.dll
 0002:000001d8       \177libcovrt_NULL_THUNK_DATA 00000001800141d8     libcovrt:libcovrt.dll
 0002:000001e0       __imp_emlrtLicenseCheckR2022a 00000001800141e0     libemlrt:libemlrt.dll
 0002:000001e8       \177libemlrt_NULL_THUNK_DATA 00000001800141e8     libemlrt:libemlrt.dll
 0002:000001f0       __imp_mexCallMATLAB_800    00000001800141f0     libmex:libmex.dll
 0002:000001f8       __imp_mexIsLocked_800      00000001800141f8     libmex:libmex.dll
 0002:00000200       __imp_mexUnlock_800        0000000180014200     libmex:libmex.dll
 0002:00000208       __imp_mexMakeArrayPersistent_800 0000000180014208     libmex:libmex.dll
 0002:00000210       __imp_mexErrMsgTxt_800     0000000180014210     libmex:libmex.dll
 0002:00000218       __imp_mexWarnMsgTxt_800    0000000180014218     libmex:libmex.dll
 0002:00000220       __imp_mexLock_800          0000000180014220     libmex:libmex.dll
 0002:00000228       \177libmex_NULL_THUNK_DATA 0000000180014228     libmex:libmex.dll
 0002:00000230       __imp_getnumcores          0000000180014230     libmwgetnumcores:libmwgetnumcores.dll
 0002:00000238       \177libmwgetnumcores_NULL_THUNK_DATA 0000000180014238     libmwgetnumcores:libmwgetnumcores.dll
 0002:00000240       __imp_muDoubleScalarIsNaN  0000000180014240     libmwmathutil:libmwmathutil.dll
 0002:00000248       __imp_muDoubleScalarIsInf  0000000180014248     libmwmathutil:libmwmathutil.dll
 0002:00000250       __imp_muDoubleScalarPower  0000000180014250     libmwmathutil:libmwmathutil.dll
 0002:00000258       __imp_muDoubleScalarMin    0000000180014258     libmwmathutil:libmwmathutil.dll
 0002:00000260       __imp_muDoubleScalarAbs    0000000180014260     libmwmathutil:libmwmathutil.dll
 0002:00000268       __imp_muDoubleScalarMax    0000000180014268     libmwmathutil:libmwmathutil.dll
 0002:00000270       \177libmwmathutil_NULL_THUNK_DATA 0000000180014270     libmwmathutil:libmwmathutil.dll
 0002:00000278       __imp_mxGetN_800           0000000180014278     libmx:libmx.dll
 0002:00000280       __imp_mxCreateDoubleScalar_800 0000000180014280     libmx:libmx.dll
 0002:00000288       __imp_mxGetPr_800          0000000180014288     libmx:libmx.dll
 0002:00000290       __imp_mxIsChar_800         0000000180014290     libmx:libmx.dll
 0002:00000298       __imp_mxIsComplex_800      0000000180014298     libmx:libmx.dll
 0002:000002a0       __imp_mxIsNumeric_800      00000001800142a0     libmx:libmx.dll
 0002:000002a8       __imp_mxGetClassID_800     00000001800142a8     libmx:libmx.dll
 0002:000002b0       __imp_mxGetM_800           00000001800142b0     libmx:libmx.dll
 0002:000002b8       __imp_mxCalloc_800         00000001800142b8     libmx:libmx.dll
 0002:000002c0       __imp_mxCreateStructMatrix_800 00000001800142c0     libmx:libmx.dll
 0002:000002c8       __imp_mxCreateCellMatrix_800 00000001800142c8     libmx:libmx.dll
 0002:000002d0       __imp_mxCreateString_800   00000001800142d0     libmx:libmx.dll
 0002:000002d8       __imp_mxSetField_800       00000001800142d8     libmx:libmx.dll
 0002:000002e0       __imp_mxSetCell_800        00000001800142e0     libmx:libmx.dll
 0002:000002e8       __imp_mxDuplicateArray_800 00000001800142e8     libmx:libmx.dll
 0002:000002f0       __imp_mxGetString_800      00000001800142f0     libmx:libmx.dll
 0002:000002f8       __imp_mxCreateDoubleMatrix_800 00000001800142f8     libmx:libmx.dll
 0002:00000300       __imp_mxDestroyArray_800   0000000180014300     libmx:libmx.dll
 0002:00000308       __imp_mxGetScalar_800      0000000180014308     libmx:libmx.dll
 0002:00000310       \177libmx_NULL_THUNK_DATA  0000000180014310     libmx:libmx.dll
 0002:00000318       __imp_utMalloc             0000000180014318     libut:libut.dll
 0002:00000320       __imp_utFree               0000000180014320     libut:libut.dll
 0002:00000328       \177libut_NULL_THUNK_DATA  0000000180014328     libut:libut.dll
 0002:00000330       __imp_sf_clear_error_manager_info 0000000180014330     sf_runtime:sf_runtime.dll
 0002:00000338       __imp_call_sf_machine_global_method_dispatcher 0000000180014338     sf_runtime:sf_runtime.dll
 0002:00000340       __imp_callMdlMethodAndReportError 0000000180014340     sf_runtime:sf_runtime.dll
 0002:00000348       __imp_sf_get_hasSeparateUpdateOutputs 0000000180014348     sf_runtime:sf_runtime.dll
 0002:00000350       __imp_getRuntimeInstanceInfoAsVoid 0000000180014350     sf_runtime:sf_runtime.dll
 0002:00000358       __imp_sf_mex_error_direct_call 0000000180014358     sf_runtime:sf_runtime.dll
 0002:00000360       __imp_ssGetInputPortSignal_wrapper 0000000180014360     sf_runtime:sf_runtime.dll
 0002:00000368       __imp_sf_mex_import        0000000180014368     sf_runtime:sf_runtime.dll
 0002:00000370       __imp_sf_mex_destroy       0000000180014370     sf_runtime:sf_runtime.dll
 0002:00000378       __imp_sf_mex_dup           0000000180014378     sf_runtime:sf_runtime.dll
 0002:00000380       __imp_sf_mex_assign        0000000180014380     sf_runtime:sf_runtime.dll
 0002:00000388       __imp_sf_mex_getcell       0000000180014388     sf_runtime:sf_runtime.dll
 0002:00000390       __imp_sf_mex_setcell       0000000180014390     sf_runtime:sf_runtime.dll
 0002:00000398       __imp_sf_mex_createcellmatrix 0000000180014398     sf_runtime:sf_runtime.dll
 0002:000003a0       __imp_sf_mex_create        00000001800143a0     sf_runtime:sf_runtime.dll
 0002:000003a8       __imp_sf_mex_convert_to_redirect_source 00000001800143a8     sf_runtime:sf_runtime.dll
 0002:000003b0       __imp_sf_mex_set_all_properties 00000001800143b0     sf_runtime:sf_runtime.dll
 0002:000003b8       __imp_sf_mex_create_class_instance 00000001800143b8     sf_runtime:sf_runtime.dll
 0002:000003c0       __imp_sf_mex_error_message 00000001800143c0     sf_runtime:sf_runtime.dll
 0002:000003c8       __imp_sf_mex_call          00000001800143c8     sf_runtime:sf_runtime.dll
 0002:000003d0       __imp_sfListenerInitializeRuntimeVars 00000001800143d0     sf_runtime:sf_runtime.dll
 0002:000003d8       __imp_sfListenerLightTerminate 00000001800143d8     sf_runtime:sf_runtime.dll
 0002:000003e0       __imp_sfListenerCacheSimStruct 00000001800143e0     sf_runtime:sf_runtime.dll
 0002:000003e8       __imp_mdlProcessParamsCommon 00000001800143e8     sf_runtime:sf_runtime.dll
 0002:000003f0       __imp_sf_set_work_widths   00000001800143f0     sf_runtime:sf_runtime.dll
 0002:000003f8       __imp_setDataBrowseFcn     00000001800143f8     sf_runtime:sf_runtime.dll
 0002:00000400       __imp_sfDoAnimationWrapper 0000000180014400     sf_runtime:sf_runtime.dll
 0002:00000408       __imp_sf_is_first_init_cond 0000000180014408     sf_runtime:sf_runtime.dll
 0002:00000410       __imp_sf_get_time          0000000180014410     sf_runtime:sf_runtime.dll
 0002:00000418       __imp_sf_clear_rtw_identifier 0000000180014418     sf_runtime:sf_runtime.dll
 0002:00000420       __imp_sim_mode_is_external 0000000180014420     sf_runtime:sf_runtime.dll
 0002:00000428       __imp_sim_mode_is_rtw_gen  0000000180014428     sf_runtime:sf_runtime.dll
 0002:00000430       __imp_sfSetAnimationVectors 0000000180014430     sf_runtime:sf_runtime.dll
 0002:00000438       __imp_sf_get_chart_instance_ptr 0000000180014438     sf_runtime:sf_runtime.dll
 0002:00000440       __imp_sfrtGetCovrtInstance 0000000180014440     sf_runtime:sf_runtime.dll
 0002:00000448       __imp_sfrtGetEmlrtCtx      0000000180014448     sf_runtime:sf_runtime.dll
 0002:00000450       __imp_sf_reset_warnings_ChartRunTimeInfo 0000000180014450     sf_runtime:sf_runtime.dll
 0002:00000458       __imp_sf_free_ChartRunTimeInfo 0000000180014458     sf_runtime:sf_runtime.dll
 0002:00000460       __imp_sf_init_ChartRunTimeInfo 0000000180014460     sf_runtime:sf_runtime.dll
 0002:00000468       __imp_sf_mex_decode        0000000180014468     sf_runtime:sf_runtime.dll
 0002:00000470       __imp_sf_load_rtw_optimization_info 0000000180014470     sf_runtime:sf_runtime.dll
 0002:00000478       __imp_sf_get_ChartInfoStruct_CodeGen 0000000180014478     sf_runtime:sf_runtime.dll
 0002:00000480       \177sf_runtime_NULL_THUNK_DATA 0000000180014480     sf_runtime:sf_runtime.dll
 0002:00000488       __guard_check_icall_fptr   0000000180014488     MSVCRT:guard_support.obj
 0002:00000490       __guard_xfg_check_icall_fptr 0000000180014490     MSVCRT:guard_support.obj
 0002:00000498       __guard_dispatch_icall_fptr 0000000180014498     MSVCRT:guard_support.obj
 0002:000004a0       __guard_xfg_dispatch_icall_fptr 00000001800144a0     MSVCRT:guard_support.obj
 0002:000004a8       __guard_xfg_table_dispatch_icall_fptr 00000001800144a8     MSVCRT:guard_support.obj
 0002:000004b0       __xc_a                     00000001800144b0     MSVCRT:initializers.obj
 0002:000004b8       __xc_z                     00000001800144b8     MSVCRT:initializers.obj
 0002:000004c0       __xi_a                     00000001800144c0     MSVCRT:initializers.obj
 0002:000004c8       __xi_z                     00000001800144c8     MSVCRT:initializers.obj
 0002:000004d0       __xp_a                     00000001800144d0     MSVCRT:initializers.obj
 0002:000004d8       __xp_z                     00000001800144d8     MSVCRT:initializers.obj
 0002:000004e0       __xt_a                     00000001800144e0     MSVCRT:initializers.obj
 0002:000004e8       __xt_z                     00000001800144e8     MSVCRT:initializers.obj
 0002:000004f0       __real@41a935fb7a000000    00000001800144f0     ex_blkHoughTransform_sfun.obj
 0002:000004f8       __real@41b4e0ffbc000000    00000001800144f8     ex_blkHoughTransform_sfun.obj
 0002:00000500       __real@41b82a9620000000    0000000180014500     ex_blkHoughTransform_sfun.obj
 0002:00000508       __real@41c25c6bf7000000    0000000180014508     ex_blkHoughTransform_sfun.obj
 0002:00000510       __real@41cbe643a6800000    0000000180014510     ex_blkHoughTransform_sfun.obj
 0002:00000518       __real@41d6fe0789400000    0000000180014518     ex_blkHoughTransform_sfun.obj
 0002:00000520       __real@41de003b6fc00000    0000000180014520     ex_blkHoughTransform_sfun.obj
 0002:00000528       __real@41e2ad56faa00000    0000000180014528     ex_blkHoughTransform_sfun.obj
 0002:00000530       __real@41e3fbb73d600000    0000000180014530     ex_blkHoughTransform_sfun.obj
 0002:00000538       __real@41e5cbe737400000    0000000180014538     ex_blkHoughTransform_sfun.obj
 0002:00000540       __real@41e9309aef200000    0000000180014540     ex_blkHoughTransform_sfun.obj
 0002:00000548       __real@41ecd1e2f3200000    0000000180014548     ex_blkHoughTransform_sfun.obj
 0002:00000558       __real@0000000000000000    0000000180014558     c2_ex_blkHoughTransform.obj
 0002:00000560       __real@3f847ae147ae147b    0000000180014560     c2_ex_blkHoughTransform.obj
 0002:00000568       __real@3fe0000000000000    0000000180014568     c2_ex_blkHoughTransform.obj
 0002:00000570       __real@3fefae147ae147ae    0000000180014570     c2_ex_blkHoughTransform.obj
 0002:00000578       __real@3ff0000000000000    0000000180014578     c2_ex_blkHoughTransform.obj
 0002:00000580       __real@4000000000000000    0000000180014580     c2_ex_blkHoughTransform.obj
 0002:00000588       __real@4066600000000000    0000000180014588     c2_ex_blkHoughTransform.obj
 0002:00000590       __real@4098f80000000000    0000000180014590     c2_ex_blkHoughTransform.obj
 0002:00000598       __real@40efffe000000000    0000000180014598     c2_ex_blkHoughTransform.obj
 0002:000005a0       __real@41b24f1e0f000000    00000001800145a0     c2_ex_blkHoughTransform.obj
 0002:000005a8       __real@41de2367e3400000    00000001800145a8     c2_ex_blkHoughTransform.obj
 0002:000005b0       __real@41e13dea99400000    00000001800145b0     c2_ex_blkHoughTransform.obj
 0002:000005b8       __real@41eae3d50ce00000    00000001800145b8     c2_ex_blkHoughTransform.obj
 0002:000005c0       DYNAMIC_DIMENSION_DEF      00000001800145c0     ex_blkHoughTransform_sfun_registry.obj
 0002:000005d8       __real@4010000000000000    00000001800145d8     ex_blkHoughTransform_sfun_registry.obj
 0002:000005e0       __real@41602cbca0000000    00000001800145e0     ex_blkHoughTransform_sfun_registry.obj
 0002:000005e8       __real@bff0000000000000    00000001800145e8     ex_blkHoughTransform_sfun_registry.obj
 0002:00000600       _pRawDllMain               0000000180014600     MSVCRT:dll_dllmain.obj
 0002:00000600       _pDefaultRawDllMain        0000000180014600     MSVCRT:dll_dllmain.obj
 0002:00000610       __xmm@ffffffffffffffffffffffffffffffff 0000000180014610     MSVCRT:utility.obj
 0002:00000640       _load_config_used          0000000180014640     MSVCRT:loadcfg.obj
 0002:00000780       __CastGuardVftablesStart   0000000180014780     MSVCRT:guard_support.obj
 0002:00000788       __CastGuardVftablesEnd     0000000180014788     MSVCRT:guard_support.obj
 0002:00000790       __volatile_metadata        0000000180014790     <linker-defined>
 0002:00000bc8       __rtc_iaa                  0000000180014bc8     MSVCRT:initsect.obj
 0002:00000bd0       __rtc_izz                  0000000180014bd0     MSVCRT:initsect.obj
 0002:00000bd8       __rtc_taa                  0000000180014bd8     MSVCRT:initsect.obj
 0002:00000be0       __rtc_tzz                  0000000180014be0     MSVCRT:initsect.obj
 0002:000016c4       __IMPORT_DESCRIPTOR_libmwgetnumcores 00000001800156c4     libmwgetnumcores:libmwgetnumcores.dll
 0002:000016d8       __IMPORT_DESCRIPTOR_sf_runtime 00000001800156d8     sf_runtime:sf_runtime.dll
 0002:000016ec       __IMPORT_DESCRIPTOR_libmx  00000001800156ec     libmx:libmx.dll
 0002:00001700       __IMPORT_DESCRIPTOR_libmex 0000000180015700     libmex:libmex.dll
 0002:00001714       __IMPORT_DESCRIPTOR_libut  0000000180015714     libut:libut.dll
 0002:00001728       __IMPORT_DESCRIPTOR_libmwmathutil 0000000180015728     libmwmathutil:libmwmathutil.dll
 0002:0000173c       __IMPORT_DESCRIPTOR_libemlrt 000000018001573c     libemlrt:libemlrt.dll
 0002:00001750       __IMPORT_DESCRIPTOR_libcovrt 0000000180015750     libcovrt:libcovrt.dll
 0002:00001764       __IMPORT_DESCRIPTOR_KERNEL32 0000000180015764     kernel32:KERNEL32.dll
 0002:00001778       __IMPORT_DESCRIPTOR_VCRUNTIME140 0000000180015778     vcruntime:VCRUNTIME140.dll
 0002:0000178c       __IMPORT_DESCRIPTOR_api-ms-win-crt-string-l1-1-0 000000018001578c     ucrt:api-ms-win-crt-string-l1-1-0.dll
 0002:000017a0       __IMPORT_DESCRIPTOR_api-ms-win-crt-math-l1-1-0 00000001800157a0     ucrt:api-ms-win-crt-math-l1-1-0.dll
 0002:000017b4       __IMPORT_DESCRIPTOR_api-ms-win-crt-stdio-l1-1-0 00000001800157b4     ucrt:api-ms-win-crt-stdio-l1-1-0.dll
 0002:000017c8       __IMPORT_DESCRIPTOR_api-ms-win-crt-heap-l1-1-0 00000001800157c8     ucrt:api-ms-win-crt-heap-l1-1-0.dll
 0002:000017dc       __IMPORT_DESCRIPTOR_api-ms-win-crt-runtime-l1-1-0 00000001800157dc     ucrt:api-ms-win-crt-runtime-l1-1-0.dll
 0002:000017f0       __NULL_IMPORT_DESCRIPTOR   00000001800157f0     libmwgetnumcores:libmwgetnumcores.dll
 0003:000019a0       DYNAMIC_DIMENSION          00000001800189a0     ex_blkHoughTransform_sfun_registry.obj
 0003:00003fb0       __security_cookie_complement 000000018001afb0     MSVCRT:gs_cookie.obj
 0003:00003fb8       __security_cookie          000000018001afb8     MSVCRT:gs_cookie.obj
 0003:00003fc0       _fltused                   000000018001afc0     MSVCRT:fltused.obj
 0003:00003fc4       __scrt_native_dllmain_reason 000000018001afc4     MSVCRT:utility.obj
 0003:00003fc8       __isa_available            000000018001afc8     MSVCRT:cpu_disp.obj
 0003:00003fcc       __isa_enabled              000000018001afcc     MSVCRT:cpu_disp.obj
 0003:00003fd0       __memcpy_nt_iters          000000018001afd0     MSVCRT:cpu_disp.obj
 0003:00003fd8       __memset_nt_iters          000000018001afd8     MSVCRT:cpu_disp.obj
 0003:00003fe0       __scrt_ucrt_dll_is_in_use  000000018001afe0     MSVCRT:ucrt_stubs.obj
 0003:00004b40       ?__type_info_root_node@@3U__type_info_node@@A 000000018001bb40     MSVCRT:tncleanup.obj
 0003:00004b50       ?_OptionsStorage@?1??__local_stdio_printf_options@@9@4_KA 000000018001bb50     MSVCRT:default_local_stdio_options.obj
 0003:00004b58       ?_OptionsStorage@?1??__local_stdio_scanf_options@@9@4_KA 000000018001bb58     MSVCRT:default_local_stdio_options.obj
 0003:00004b60       __scrt_current_native_startup_state 000000018001bb60     MSVCRT:utility.obj
 0003:00004b68       __scrt_native_startup_lock 000000018001bb68     MSVCRT:utility.obj
 0003:00004ba8       __scrt_debugger_hook_flag  000000018001bba8     MSVCRT:utility_desktop.obj
 0003:00004bb0       __castguard_check_failure_os_handled_fptr 000000018001bbb0     MSVCRT:guard_support.obj
 0003:00004bb8       __favor                    000000018001bbb8     MSVCRT:cpu_disp.obj
 0003:00004bc0       ?_OptionsStorage@?1??__local_stdio_printf_options@@9@9 000000018001bbc0     <common>
 0003:00004bc8       __dyn_tls_init_callback    000000018001bbc8     <common>

 entry point at        0001:00011ec4

 Static symbols

 0000:fffe3000       _volmd                     0000000180000000     c2_ex_blkHoughTransform.obj
 0000:00000000       .debug$S                   0000000180000000     ex_blkHoughTransform_sfun.exp
 0000:fffe3000       _volmd                     0000000180000000     ex_blkHoughTransform_sfun.obj
 0000:fffe3000       _volmd                     0000000180000000     ex_blkHoughTransform_sfun_registry.obj
 0000:fffe3000       _volmd                     0000000180000000     MSVCRT:cpu_disp.obj
 0002:fffec000       __guard_ehcont_?dllmain_dispatch@@YAHQEAUHINSTANCE__@@KQEAX@Z 0000000180000000     MSVCRT:dll_dllmain.obj
 0002:fffec000       __guard_fids_?dllmain_dispatch@@YAHQEAUHINSTANCE__@@KQEAX@Z 0000000180000000     MSVCRT:dll_dllmain.obj
 0000:fffe3000       _volmd                     0000000180000000     MSVCRT:gs_report.obj
 0000:fffe3000       _volmd                     0000000180000000     MSVCRT:gs_report.obj
 0000:fffe3000       _volmd                     0000000180000000     MSVCRT:gs_report.obj
 0002:fffec000       __guard_fids__             0000000180000000     MSVCRT:guard_support.obj
 0002:fffec000       __guard_fids__             0000000180000000     MSVCRT:guard_support.obj
 0002:fffec000       __guard_fids__guard_icall_checks_enforced 0000000180000000     MSVCRT:guard_support.obj
 0000:fffe3000       _volmd                     0000000180000000     MSVCRT:guard_support.obj
 0000:fffe3000       _volmd                     0000000180000000     MSVCRT:guard_support.obj
 0000:fffe3000       _volmd                     0000000180000000     MSVCRT:guard_support.obj
 0000:fffe3000       _volmd                     0000000180000000     MSVCRT:guard_support.obj
 0000:fffe3000       _volmd                     0000000180000000     MSVCRT:guard_support.obj
 0002:fffec000       __guard_ehcont___scrt_is_nonwritable_in_current_image 0000000180000000     MSVCRT:utility.obj
 0000:fffe3000       _volmd                     0000000180000000     MSVCRT:utility.obj
 0000:fffe3000       _volmd                     0000000180000000     MSVCRT:utility.obj
 0000:fffe3000       _volmd                     0000000180000000     MSVCRT:utility.obj
 0002:fffec000       __guard_fids___scrt_set_unhandled_exception_filter 0000000180000000     MSVCRT:utility_desktop.obj
 0000:fffe3000       _volmd                     0000000180000000     MSVCRT:utility_desktop.obj
 0000:00000000       .debug$S                   0000000180000000     vcruntime:VCRUNTIME140.dll
 0000:00000000       .debug$S                   0000000180000000     vcruntime:VCRUNTIME140.dll
 0000:00000000       .debug$S                   0000000180000000     vcruntime:VCRUNTIME140.dll
 0000:00000000       .debug$S                   0000000180000000     vcruntime:VCRUNTIME140.dll
 0000:00000000       .debug$S                   0000000180000000     vcruntime:VCRUNTIME140.dll
 0000:00000000       .debug$S                   0000000180000000     vcruntime:VCRUNTIME140.dll
 0000:00000000       .debug$S                   0000000180000000     ucrt:api-ms-win-crt-heap-l1-1-0.dll
 0000:00000000       .debug$S                   0000000180000000     ucrt:api-ms-win-crt-heap-l1-1-0.dll
 0000:00000000       .debug$S                   0000000180000000     ucrt:api-ms-win-crt-math-l1-1-0.dll
 0000:00000000       .debug$S                   0000000180000000     ucrt:api-ms-win-crt-math-l1-1-0.dll
 0000:00000000       .debug$S                   0000000180000000     ucrt:api-ms-win-crt-runtime-l1-1-0.dll
 0000:00000000       .debug$S                   0000000180000000     ucrt:api-ms-win-crt-runtime-l1-1-0.dll
 0000:00000000       .debug$S                   0000000180000000     ucrt:api-ms-win-crt-runtime-l1-1-0.dll
 0000:00000000       .debug$S                   0000000180000000     ucrt:api-ms-win-crt-runtime-l1-1-0.dll
 0000:00000000       .debug$S                   0000000180000000     ucrt:api-ms-win-crt-runtime-l1-1-0.dll
 0000:00000000       .debug$S                   0000000180000000     ucrt:api-ms-win-crt-runtime-l1-1-0.dll
 0000:00000000       .debug$S                   0000000180000000     ucrt:api-ms-win-crt-runtime-l1-1-0.dll
 0000:00000000       .debug$S                   0000000180000000     ucrt:api-ms-win-crt-runtime-l1-1-0.dll
 0000:00000000       .debug$S                   0000000180000000     ucrt:api-ms-win-crt-runtime-l1-1-0.dll
 0000:00000000       .debug$S                   0000000180000000     ucrt:api-ms-win-crt-runtime-l1-1-0.dll
 0000:00000000       .debug$S                   0000000180000000     ucrt:api-ms-win-crt-runtime-l1-1-0.dll
 0000:00000000       .debug$S                   0000000180000000     ucrt:api-ms-win-crt-runtime-l1-1-0.dll
 0000:00000000       .debug$S                   0000000180000000     ucrt:api-ms-win-crt-stdio-l1-1-0.dll
 0000:00000000       .debug$S                   0000000180000000     ucrt:api-ms-win-crt-string-l1-1-0.dll
 0000:00000000       .debug$S                   0000000180000000     ucrt:api-ms-win-crt-string-l1-1-0.dll
 0000:00000000       .debug$S                   0000000180000000     ucrt:api-ms-win-crt-string-l1-1-0.dll
 0000:00000000       .debug$S                   0000000180000000     kernel32:KERNEL32.dll
 0000:00000000       .debug$S                   0000000180000000     kernel32:KERNEL32.dll
 0000:00000000       .debug$S                   0000000180000000     kernel32:KERNEL32.dll
 0000:00000000       .debug$S                   0000000180000000     kernel32:KERNEL32.dll
 0000:00000000       .debug$S                   0000000180000000     kernel32:KERNEL32.dll
 0000:00000000       .debug$S                   0000000180000000     kernel32:KERNEL32.dll
 0000:00000000       .debug$S                   0000000180000000     kernel32:KERNEL32.dll
 0000:00000000       .debug$S                   0000000180000000     kernel32:KERNEL32.dll
 0000:00000000       .debug$S                   0000000180000000     kernel32:KERNEL32.dll
 0000:00000000       .debug$S                   0000000180000000     kernel32:KERNEL32.dll
 0000:00000000       .debug$S                   0000000180000000     kernel32:KERNEL32.dll
 0000:00000000       .debug$S                   0000000180000000     kernel32:KERNEL32.dll
 0000:00000000       .debug$S                   0000000180000000     kernel32:KERNEL32.dll
 0000:00000000       .debug$S                   0000000180000000     kernel32:KERNEL32.dll
 0000:00000000       .debug$S                   0000000180000000     kernel32:KERNEL32.dll
 0000:00000000       .debug$S                   0000000180000000     kernel32:KERNEL32.dll
 0000:00000000       .debug$S                   0000000180000000     kernel32:KERNEL32.dll
 0000:00000000       .debug$S                   0000000180000000     libcovrt:libcovrt.dll
 0000:00000000       .debug$S                   0000000180000000     libcovrt:libcovrt.dll
 0000:00000000       .debug$S                   0000000180000000     libcovrt:libcovrt.dll
 0000:00000000       .debug$S                   0000000180000000     libcovrt:libcovrt.dll
 0000:00000000       .debug$S                   0000000180000000     libcovrt:libcovrt.dll
 0000:00000000       .debug$S                   0000000180000000     libcovrt:libcovrt.dll
 0000:00000000       .debug$S                   0000000180000000     libcovrt:libcovrt.dll
 0000:00000000       .debug$S                   0000000180000000     libcovrt:libcovrt.dll
 0000:00000000       .debug$S                   0000000180000000     libcovrt:libcovrt.dll
 0000:00000000       .debug$S                   0000000180000000     libemlrt:libemlrt.dll
 0000:00000000       .debug$S                   0000000180000000     libmex:libmex.dll
 0000:00000000       .debug$S                   0000000180000000     libmex:libmex.dll
 0000:00000000       .debug$S                   0000000180000000     libmex:libmex.dll
 0000:00000000       .debug$S                   0000000180000000     libmex:libmex.dll
 0000:00000000       .debug$S                   0000000180000000     libmex:libmex.dll
 0000:00000000       .debug$S                   0000000180000000     libmex:libmex.dll
 0000:00000000       .debug$S                   0000000180000000     libmex:libmex.dll
 0000:00000000       .debug$S                   0000000180000000     libmwgetnumcores:libmwgetnumcores.dll
 0000:00000000       .debug$S                   0000000180000000     libmwmathutil:libmwmathutil.dll
 0000:00000000       .debug$S                   0000000180000000     libmwmathutil:libmwmathutil.dll
 0000:00000000       .debug$S                   0000000180000000     libmwmathutil:libmwmathutil.dll
 0000:00000000       .debug$S                   0000000180000000     libmwmathutil:libmwmathutil.dll
 0000:00000000       .debug$S                   0000000180000000     libmwmathutil:libmwmathutil.dll
 0000:00000000       .debug$S                   0000000180000000     libmwmathutil:libmwmathutil.dll
 0000:00000000       .debug$S                   0000000180000000     libmx:libmx.dll
 0000:00000000       .debug$S                   0000000180000000     libmx:libmx.dll
 0000:00000000       .debug$S                   0000000180000000     libmx:libmx.dll
 0000:00000000       .debug$S                   0000000180000000     libmx:libmx.dll
 0000:00000000       .debug$S                   0000000180000000     libmx:libmx.dll
 0000:00000000       .debug$S                   0000000180000000     libmx:libmx.dll
 0000:00000000       .debug$S                   0000000180000000     libmx:libmx.dll
 0000:00000000       .debug$S                   0000000180000000     libmx:libmx.dll
 0000:00000000       .debug$S                   0000000180000000     libmx:libmx.dll
 0000:00000000       .debug$S                   0000000180000000     libmx:libmx.dll
 0000:00000000       .debug$S                   0000000180000000     libmx:libmx.dll
 0000:00000000       .debug$S                   0000000180000000     libmx:libmx.dll
 0000:00000000       .debug$S                   0000000180000000     libmx:libmx.dll
 0000:00000000       .debug$S                   0000000180000000     libmx:libmx.dll
 0000:00000000       .debug$S                   0000000180000000     libmx:libmx.dll
 0000:00000000       .debug$S                   0000000180000000     libmx:libmx.dll
 0000:00000000       .debug$S                   0000000180000000     libmx:libmx.dll
 0000:00000000       .debug$S                   0000000180000000     libmx:libmx.dll
 0000:00000000       .debug$S                   0000000180000000     libmx:libmx.dll
 0000:00000000       .debug$S                   0000000180000000     libut:libut.dll
 0000:00000000       .debug$S                   0000000180000000     libut:libut.dll
 0000:00000000       .debug$S                   0000000180000000     sf_runtime:sf_runtime.dll
 0000:00000000       .debug$S                   0000000180000000     sf_runtime:sf_runtime.dll
 0000:00000000       .debug$S                   0000000180000000     sf_runtime:sf_runtime.dll
 0000:00000000       .debug$S                   0000000180000000     sf_runtime:sf_runtime.dll
 0000:00000000       .debug$S                   0000000180000000     sf_runtime:sf_runtime.dll
 0000:00000000       .debug$S                   0000000180000000     sf_runtime:sf_runtime.dll
 0000:00000000       .debug$S                   0000000180000000     sf_runtime:sf_runtime.dll
 0000:00000000       .debug$S                   0000000180000000     sf_runtime:sf_runtime.dll
 0000:00000000       .debug$S                   0000000180000000     sf_runtime:sf_runtime.dll
 0000:00000000       .debug$S                   0000000180000000     sf_runtime:sf_runtime.dll
 0000:00000000       .debug$S                   0000000180000000     sf_runtime:sf_runtime.dll
 0000:00000000       .debug$S                   0000000180000000     sf_runtime:sf_runtime.dll
 0000:00000000       .debug$S                   0000000180000000     sf_runtime:sf_runtime.dll
 0000:00000000       .debug$S                   0000000180000000     sf_runtime:sf_runtime.dll
 0000:00000000       .debug$S                   0000000180000000     sf_runtime:sf_runtime.dll
 0000:00000000       .debug$S                   0000000180000000     sf_runtime:sf_runtime.dll
 0000:00000000       .debug$S                   0000000180000000     sf_runtime:sf_runtime.dll
 0000:00000000       .debug$S                   0000000180000000     sf_runtime:sf_runtime.dll
 0000:00000000       .debug$S                   0000000180000000     sf_runtime:sf_runtime.dll
 0000:00000000       .debug$S                   0000000180000000     sf_runtime:sf_runtime.dll
 0000:00000000       .debug$S                   0000000180000000     sf_runtime:sf_runtime.dll
 0000:00000000       .debug$S                   0000000180000000     sf_runtime:sf_runtime.dll
 0000:00000000       .debug$S                   0000000180000000     sf_runtime:sf_runtime.dll
 0000:00000000       .debug$S                   0000000180000000     sf_runtime:sf_runtime.dll
 0000:00000000       .debug$S                   0000000180000000     sf_runtime:sf_runtime.dll
 0000:00000000       .debug$S                   0000000180000000     sf_runtime:sf_runtime.dll
 0000:00000000       .debug$S                   0000000180000000     sf_runtime:sf_runtime.dll
 0000:00000000       .debug$S                   0000000180000000     sf_runtime:sf_runtime.dll
 0000:00000000       .debug$S                   0000000180000000     sf_runtime:sf_runtime.dll
 0000:00000000       .debug$S                   0000000180000000     sf_runtime:sf_runtime.dll
 0000:00000000       .debug$S                   0000000180000000     sf_runtime:sf_runtime.dll
 0000:00000000       .debug$S                   0000000180000000     sf_runtime:sf_runtime.dll
 0000:00000000       .debug$S                   0000000180000000     sf_runtime:sf_runtime.dll
 0000:00000000       .debug$S                   0000000180000000     sf_runtime:sf_runtime.dll
 0000:00000000       .debug$S                   0000000180000000     sf_runtime:sf_runtime.dll
 0000:00000000       .debug$S                   0000000180000000     sf_runtime:sf_runtime.dll
 0000:00000000       .debug$S                   0000000180000000     sf_runtime:sf_runtime.dll
 0000:00000000       .debug$S                   0000000180000000     sf_runtime:sf_runtime.dll
 0000:00000000       .debug$S                   0000000180000000     sf_runtime:sf_runtime.dll
 0000:00000000       .debug$S                   0000000180000000     sf_runtime:sf_runtime.dll
 0000:00000000       .debug$S                   0000000180000000     sf_runtime:sf_runtime.dll
 0000:00000000       .debug$S                   0000000180000000     sf_runtime:sf_runtime.dll
 0000:fffe300c       _volmd                     000000018000000c     c2_ex_blkHoughTransform.obj
 0000:fffe300c       _volmd                     000000018000000c     ex_blkHoughTransform_sfun.obj
 0000:fffe300c       _volmd                     000000018000000c     ex_blkHoughTransform_sfun_registry.obj
 0000:fffe3018       _volmd                     0000000180000018     c2_ex_blkHoughTransform.obj
 0000:fffe3018       _volmd                     0000000180000018     ex_blkHoughTransform_sfun.obj
 0000:fffe3018       _volmd                     0000000180000018     ex_blkHoughTransform_sfun_registry.obj
 0000:fffe3024       _volmd                     0000000180000024     ex_blkHoughTransform_sfun.obj
 0000:fffe3024       _volmd                     0000000180000024     ex_blkHoughTransform_sfun_registry.obj
 0000:fffe3030       _volmd                     0000000180000030     ex_blkHoughTransform_sfun.obj
 0000:fffe3030       _volmd                     0000000180000030     ex_blkHoughTransform_sfun_registry.obj
 0000:fffe303c       _volmd                     000000018000003c     ex_blkHoughTransform_sfun.obj
 0000:fffe303c       _volmd                     000000018000003c     ex_blkHoughTransform_sfun_registry.obj
 0000:fffe3048       _volmd                     0000000180000048     ex_blkHoughTransform_sfun_registry.obj
 0000:fffe3054       _volmd                     0000000180000054     ex_blkHoughTransform_sfun_registry.obj
 0000:fffe3060       _volmd                     0000000180000060     ex_blkHoughTransform_sfun_registry.obj
 0000:fffe306c       _volmd                     000000018000006c     ex_blkHoughTransform_sfun_registry.obj
 0000:fffe3078       _volmd                     0000000180000078     ex_blkHoughTransform_sfun_registry.obj
[...]
 0003:00001a78       $SG25487                   0000000180018a78     ex_blkHoughTransform_sfun_registry.obj
 0003:00001a98       $SG25489                   0000000180018a98     ex_blkHoughTransform_sfun_registry.obj
 0003:00001ab0       $SG25509                   0000000180018ab0     ex_blkHoughTransform_sfun_registry.obj
 0003:00001ac0       $SG25527                   0000000180018ac0     ex_blkHoughTransform_sfun_registry.obj
 0003:00001ad8       $SG25558                   0000000180018ad8     ex_blkHoughTransform_sfun_registry.obj
 0003:00001af0       $SG25658                   0000000180018af0     ex_blkHoughTransform_sfun_registry.obj
 0003:00001af8       $SG25659                   0000000180018af8     ex_blkHoughTransform_sfun_registry.obj
 0003:00001b0c       $SG25664                   0000000180018b0c     ex_blkHoughTransform_sfun_registry.obj
 0003:00001b14       $SG27522                   0000000180018b14     ex_blkHoughTransform_sfun_registry.obj
 0003:00001b18       $SG25665                   0000000180018b18     ex_blkHoughTransform_sfun_registry.obj
 0003:00001b34       $SG26435                   0000000180018b34     ex_blkHoughTransform_sfun_registry.obj
 0003:00001b3c       $SG27603                   0000000180018b3c     ex_blkHoughTransform_sfun_registry.obj
 0003:00001b40       $SG25807                   0000000180018b40     ex_blkHoughTransform_sfun_registry.obj
 0003:00001b68       _sfcnName                  0000000180018b68     ex_blkHoughTransform_sfun_registry.obj
 0003:00001b88       $SG26228                   0000000180018b88     ex_blkHoughTransform_sfun_registry.obj
 0003:00001b90       $SG25824                   0000000180018b90     ex_blkHoughTransform_sfun_registry.obj
 0003:00001c08       $SG26229                   0000000180018c08     ex_blkHoughTransform_sfun_registry.obj
 0003:00001c10       $SG26243                   0000000180018c10     ex_blkHoughTransform_sfun_registry.obj
 0003:00001c20       $SG26433                   0000000180018c20     ex_blkHoughTransform_sfun_registry.obj
 0003:00001c60       $SG26434                   0000000180018c60     ex_blkHoughTransform_sfun_registry.obj
 0003:00001c70       $SG26439                   0000000180018c70     ex_blkHoughTransform_sfun_registry.obj
 0003:00001cb8       $SG26440                   0000000180018cb8     ex_blkHoughTransform_sfun_registry.obj
 0003:00001cc8       $SG26441                   0000000180018cc8     ex_blkHoughTransform_sfun_registry.obj
 0003:00001cd0       $SG26442                   0000000180018cd0     ex_blkHoughTransform_sfun_registry.obj
 0003:00001d28       $SG26443                   0000000180018d28     ex_blkHoughTransform_sfun_registry.obj
 0003:00001d38       $SG26444                   0000000180018d38     ex_blkHoughTransform_sfun_registry.obj
 0003:00001d40       $SG26466                   0000000180018d40     ex_blkHoughTransform_sfun_registry.obj
 0003:00001d80       $SG26467                   0000000180018d80     ex_blkHoughTransform_sfun_registry.obj
 0003:00001d90       $SG26468                   0000000180018d90     ex_blkHoughTransform_sfun_registry.obj
 0003:00001d98       $SG26474                   0000000180018d98     ex_blkHoughTransform_sfun_registry.obj
 0003:00001da0       $SG26472                   0000000180018da0     ex_blkHoughTransform_sfun_registry.obj
 0003:00001de8       $SG26473                   0000000180018de8     ex_blkHoughTransform_sfun_registry.obj
 0003:00001df8       $SG26477                   0000000180018df8     ex_blkHoughTransform_sfun_registry.obj
 0003:00001e00       $SG26475                   0000000180018e00     ex_blkHoughTransform_sfun_registry.obj
 0003:00001e58       $SG26476                   0000000180018e58     ex_blkHoughTransform_sfun_registry.obj
 0003:00001e68       $SG26503                   0000000180018e68     ex_blkHoughTransform_sfun_registry.obj
 0003:00001e70       $SG26501                   0000000180018e70     ex_blkHoughTransform_sfun_registry.obj
 0003:00001ec0       $SG26502                   0000000180018ec0     ex_blkHoughTransform_sfun_registry.obj
 0003:00001ed0       $SG26515                   0000000180018ed0     ex_blkHoughTransform_sfun_registry.obj
 0003:00001f30       $SG26516                   0000000180018f30     ex_blkHoughTransform_sfun_registry.obj
 0003:00001f38       $SG26517                   0000000180018f38     ex_blkHoughTransform_sfun_registry.obj
 0003:00001f40       $SG26529                   0000000180018f40     ex_blkHoughTransform_sfun_registry.obj
 0003:00001fa0       $SG26530                   0000000180018fa0     ex_blkHoughTransform_sfun_registry.obj
 0003:00001fa8       $SG26531                   0000000180018fa8     ex_blkHoughTransform_sfun_registry.obj
 0003:00001fb0       $SG26884                   0000000180018fb0     ex_blkHoughTransform_sfun_registry.obj
 0003:00002028       $SG27506                   0000000180019028     ex_blkHoughTransform_sfun_registry.obj
 0003:00002040       $SG26887                   0000000180019040     ex_blkHoughTransform_sfun_registry.obj
 0003:000020b4       $SG27577                   00000001800190b4     ex_blkHoughTransform_sfun_registry.obj
 0003:000020c0       $SG26892                   00000001800190c0     ex_blkHoughTransform_sfun_registry.obj
 0003:00002138       $SG27578                   0000000180019138     ex_blkHoughTransform_sfun_registry.obj
 0003:00002140       $SG26900                   0000000180019140     ex_blkHoughTransform_sfun_registry.obj
 0003:000021b0       $SG27175                   00000001800191b0     ex_blkHoughTransform_sfun_registry.obj
 0003:00002228       $SG27579                   0000000180019228     ex_blkHoughTransform_sfun_registry.obj
 0003:00002230       $SG27180                   0000000180019230     ex_blkHoughTransform_sfun_registry.obj
 0003:000022a8       $SG27585                   00000001800192a8     ex_blkHoughTransform_sfun_registry.obj
 0003:000022b0       $SG27519                   00000001800192b0     ex_blkHoughTransform_sfun_registry.obj
 0003:00002328       $SG27588                   0000000180019328     ex_blkHoughTransform_sfun_registry.obj
 0003:00002330       $SG27580                   0000000180019330     ex_blkHoughTransform_sfun_registry.obj
 0003:000023a8       $SG27591                   00000001800193a8     ex_blkHoughTransform_sfun_registry.obj
 0003:000023b0       $SG27582                   00000001800193b0     ex_blkHoughTransform_sfun_registry.obj
 0003:00002430       $SG27592                   0000000180019430     ex_blkHoughTransform_sfun_registry.obj
 0003:000024b0       $SG27593                   00000001800194b0     ex_blkHoughTransform_sfun_registry.obj
 0003:000024c0       $SG27595                   00000001800194c0     ex_blkHoughTransform_sfun_registry.obj
 0003:000024cc       $SG27597                   00000001800194cc     ex_blkHoughTransform_sfun_registry.obj
 0003:000024d4       $SG27599                   00000001800194d4     ex_blkHoughTransform_sfun_registry.obj
 0003:000024e0       $SG27601                   00000001800194e0     ex_blkHoughTransform_sfun_registry.obj
 0003:000024f0       $SG27606                   00000001800194f0     ex_blkHoughTransform_sfun_registry.obj
 0003:000025d8       $SG27724                   00000001800195d8     ex_blkHoughTransform_sfun_registry.obj
 0003:00002608       $SG27725                   0000000180019608     ex_blkHoughTransform_sfun_registry.obj
 0003:00002618       $SG27726                   0000000180019618     ex_blkHoughTransform_sfun_registry.obj
 0003:00002620       $SG27728                   0000000180019620     ex_blkHoughTransform_sfun_registry.obj
 0003:00002658       $SG27729                   0000000180019658     ex_blkHoughTransform_sfun_registry.obj
 0003:00002668       $SG27730                   0000000180019668     ex_blkHoughTransform_sfun_registry.obj
 0003:00002670       $SG27733                   0000000180019670     ex_blkHoughTransform_sfun_registry.obj
 0003:000026a8       $SG27734                   00000001800196a8     ex_blkHoughTransform_sfun_registry.obj
 0003:000026b8       $SG27735                   00000001800196b8     ex_blkHoughTransform_sfun_registry.obj
 0003:000026c0       $SG27737                   00000001800196c0     ex_blkHoughTransform_sfun_registry.obj
 0003:000026f8       $SG27738                   00000001800196f8     ex_blkHoughTransform_sfun_registry.obj
 0003:00002708       $SG27739                   0000000180019708     ex_blkHoughTransform_sfun_registry.obj
 0003:00002710       $SG27741                   0000000180019710     ex_blkHoughTransform_sfun_registry.obj
 0003:00002748       $SG27742                   0000000180019748     ex_blkHoughTransform_sfun_registry.obj
 0003:00002758       $SG27743                   0000000180019758     ex_blkHoughTransform_sfun_registry.obj
 0003:00002760       $SG27746                   0000000180019760     ex_blkHoughTransform_sfun_registry.obj
 0003:00002768       $SG27748                   0000000180019768     ex_blkHoughTransform_sfun_registry.obj
 0003:00002780       $SG27749                   0000000180019780     ex_blkHoughTransform_sfun_registry.obj
 0003:000027b8       $SG27750                   00000001800197b8     ex_blkHoughTransform_sfun_registry.obj
 0003:000027c8       $SG27751                   00000001800197c8     ex_blkHoughTransform_sfun_registry.obj
 0003:000027d0       $SG27921                   00000001800197d0     ex_blkHoughTransform_sfun_registry.obj
 0003:000027f0       $SG27922                   00000001800197f0     ex_blkHoughTransform_sfun_registry.obj
 0003:00002880       $SG27928                   0000000180019880     ex_blkHoughTransform_sfun_registry.obj
 0003:00002898       $SG27935                   0000000180019898     ex_blkHoughTransform_sfun_registry.obj
 0003:000028b0       $SG27929                   00000001800198b0     ex_blkHoughTransform_sfun_registry.obj
 0003:00002940       $SG27936                   0000000180019940     ex_blkHoughTransform_sfun_registry.obj
 0003:000029d0       $SG27942                   00000001800199d0     ex_blkHoughTransform_sfun_registry.obj
 0003:000029f0       $SG27943                   00000001800199f0     ex_blkHoughTransform_sfun_registry.obj
 0003:00002a80       $SG27949                   0000000180019a80     ex_blkHoughTransform_sfun_registry.obj
 0003:00002aa0       $SG27950                   0000000180019aa0     ex_blkHoughTransform_sfun_registry.obj
 0003:00002b30       $SG27954                   0000000180019b30     ex_blkHoughTransform_sfun_registry.obj
 0003:00002b50       $SG27955                   0000000180019b50     ex_blkHoughTransform_sfun_registry.obj
 0003:00002be0       $SG27959                   0000000180019be0     ex_blkHoughTransform_sfun_registry.obj
 0003:00002c08       $SG27964                   0000000180019c08     ex_blkHoughTransform_sfun_registry.obj
 0003:00002c30       $SG27960                   0000000180019c30     ex_blkHoughTransform_sfun_registry.obj
 0003:00002cc0       $SG27965                   0000000180019cc0     ex_blkHoughTransform_sfun_registry.obj
 0003:00002d50       $SG27969                   0000000180019d50     ex_blkHoughTransform_sfun_registry.obj
 0003:00002d70       $SG27970                   0000000180019d70     ex_blkHoughTransform_sfun_registry.obj
 0003:00002e00       $SG27974                   0000000180019e00     ex_blkHoughTransform_sfun_registry.obj
 0003:00002e20       $SG27975                   0000000180019e20     ex_blkHoughTransform_sfun_registry.obj
 0003:00002eb0       $SG27979                   0000000180019eb0     ex_blkHoughTransform_sfun_registry.obj
 0003:00002ec8       $SG28015                   0000000180019ec8     ex_blkHoughTransform_sfun_registry.obj
 0003:00002ee0       $SG27980                   0000000180019ee0     ex_blkHoughTransform_sfun_registry.obj
 0003:00002f70       $SG27984                   0000000180019f70     ex_blkHoughTransform_sfun_registry.obj
 0003:00002f90       $SG27985                   0000000180019f90     ex_blkHoughTransform_sfun_registry.obj
 0003:00003020       $SG27989                   000000018001a020     ex_blkHoughTransform_sfun_registry.obj
 0003:00003040       $SG27990                   000000018001a040     ex_blkHoughTransform_sfun_registry.obj
 0003:000030d0       $SG27994                   000000018001a0d0     ex_blkHoughTransform_sfun_registry.obj
 0003:000030f0       $SG27995                   000000018001a0f0     ex_blkHoughTransform_sfun_registry.obj
 0003:00003180       $SG27999                   000000018001a180     ex_blkHoughTransform_sfun_registry.obj
 0003:000031a0       $SG28000                   000000018001a1a0     ex_blkHoughTransform_sfun_registry.obj
 0003:00003230       $SG28004                   000000018001a230     ex_blkHoughTransform_sfun_registry.obj
 0003:00003250       $SG28005                   000000018001a250     ex_blkHoughTransform_sfun_registry.obj
 0003:000032e0       $SG28009                   000000018001a2e0     ex_blkHoughTransform_sfun_registry.obj
 0003:00003300       $SG28010                   000000018001a300     ex_blkHoughTransform_sfun_registry.obj
 0003:00003390       $SG28016                   000000018001a390     ex_blkHoughTransform_sfun_registry.obj
 0003:00003420       $SG28021                   000000018001a420     ex_blkHoughTransform_sfun_registry.obj
 0003:00003428       $SG28026                   000000018001a428     ex_blkHoughTransform_sfun_registry.obj
 0003:00003440       $SG28022                   000000018001a440     ex_blkHoughTransform_sfun_registry.obj
 0003:000034d0       $SG28027                   000000018001a4d0     ex_blkHoughTransform_sfun_registry.obj
 0003:00003560       $SG28031                   000000018001a560     ex_blkHoughTransform_sfun_registry.obj
 0003:00003570       $SG28032                   000000018001a570     ex_blkHoughTransform_sfun_registry.obj
 0003:00003600       $SG28036                   000000018001a600     ex_blkHoughTransform_sfun_registry.obj
 0003:00003620       $SG28037                   000000018001a620     ex_blkHoughTransform_sfun_registry.obj
 0003:000036b0       $SG28041                   000000018001a6b0     ex_blkHoughTransform_sfun_registry.obj
 0003:000036d0       $SG28042                   000000018001a6d0     ex_blkHoughTransform_sfun_registry.obj
 0003:00003760       $SG28046                   000000018001a760     ex_blkHoughTransform_sfun_registry.obj
 0003:00003770       $SG28047                   000000018001a770     ex_blkHoughTransform_sfun_registry.obj
 0003:00003800       $SG28051                   000000018001a800     ex_blkHoughTransform_sfun_registry.obj
 0003:00003810       $SG28052                   000000018001a810     ex_blkHoughTransform_sfun_registry.obj
 0003:000038a0       $SG28056                   000000018001a8a0     ex_blkHoughTransform_sfun_registry.obj
 0003:000038b8       $SG28061                   000000018001a8b8     ex_blkHoughTransform_sfun_registry.obj
 0003:000038d0       $SG28057                   000000018001a8d0     ex_blkHoughTransform_sfun_registry.obj
 0003:00003960       $SG28062                   000000018001a960     ex_blkHoughTransform_sfun_registry.obj
 0003:000039f0       $SG28066                   000000018001a9f0     ex_blkHoughTransform_sfun_registry.obj
 0003:00003a00       $SG28067                   000000018001aa00     ex_blkHoughTransform_sfun_registry.obj
 0003:00003a90       $SG28075                   000000018001aa90     ex_blkHoughTransform_sfun_registry.obj
 0003:00003aa0       $SG28076                   000000018001aaa0     ex_blkHoughTransform_sfun_registry.obj
 0003:00003b30       $SG28082                   000000018001ab30     ex_blkHoughTransform_sfun_registry.obj
 0003:00003b40       $SG28083                   000000018001ab40     ex_blkHoughTransform_sfun_registry.obj
 0003:00003bd0       $SG28087                   000000018001abd0     ex_blkHoughTransform_sfun_registry.obj
 0003:00003be0       $SG28088                   000000018001abe0     ex_blkHoughTransform_sfun_registry.obj
 0003:00003c70       $SG28093                   000000018001ac70     ex_blkHoughTransform_sfun_registry.obj
 0003:00003c80       $SG28094                   000000018001ac80     ex_blkHoughTransform_sfun_registry.obj
 0003:00003d10       $SG28098                   000000018001ad10     ex_blkHoughTransform_sfun_registry.obj
 0003:00003d88       $SG28141                   000000018001ad88     ex_blkHoughTransform_sfun_registry.obj
 0003:00003d98       $SG28222                   000000018001ad98     ex_blkHoughTransform_sfun_registry.obj
 0003:00003da0       $SG28128                   000000018001ada0     ex_blkHoughTransform_sfun_registry.obj
 0003:00003eb8       $SG28152                   000000018001aeb8     ex_blkHoughTransform_sfun_registry.obj
 0003:00003ec8       $SG28165                   000000018001aec8     ex_blkHoughTransform_sfun_registry.obj
 0003:00003ed8       $SG28176                   000000018001aed8     ex_blkHoughTransform_sfun_registry.obj
 0003:00003ee8       $SG28189                   000000018001aee8     ex_blkHoughTransform_sfun_registry.obj
 0003:00003ef8       $SG28200                   000000018001aef8     ex_blkHoughTransform_sfun_registry.obj
 0003:00003f08       $SG28210                   000000018001af08     ex_blkHoughTransform_sfun_registry.obj
 0003:00003f28       $SG28221                   000000018001af28     ex_blkHoughTransform_sfun_registry.obj
 0003:00003f58       $SG28223                   000000018001af58     ex_blkHoughTransform_sfun_registry.obj
 0003:00003f60       $SG28234                   000000018001af60     ex_blkHoughTransform_sfun_registry.obj
 0003:00003f98       $SG28235                   000000018001af98     ex_blkHoughTransform_sfun_registry.obj
 0003:00003fa0       $SG28236                   000000018001afa0     ex_blkHoughTransform_sfun_registry.obj
 0003:00003ff0       sRtwOptimizationInfoStruct 000000018001aff0     ex_blkHoughTransform_sfun.obj
 0003:00003ff8       sOptimizationInfoFlags     000000018001aff8     ex_blkHoughTransform_sfun.obj
 0003:00004000       _sfTime_                   000000018001b000     c2_ex_blkHoughTransform.obj
 0003:00004008       $SG25831                   000000018001b008     c2_ex_blkHoughTransform.obj
 0003:00004009       $SG26910                   000000018001b009     c2_ex_blkHoughTransform.obj
 0003:0000400a       $SG26911                   000000018001b00a     c2_ex_blkHoughTransform.obj
 0003:0000400b       $SG27053                   000000018001b00b     c2_ex_blkHoughTransform.obj
 0003:00004010       ?newstr@?1??sf_c2_ex_blkHoughTransform_get_post_codegen_info@@9@9 000000018001b010     c2_ex_blkHoughTransform.obj
 0003:000045b4       sfGlobalMdlStartCallCounts 000000018001b5b4     ex_blkHoughTransform_sfun_registry.obj
 0003:000045b8       $SG27573                   000000018001b5b8     ex_blkHoughTransform_sfun_registry.obj
 0003:000045ba       ?warningGuard@?1??ssGetRootSS@@9@9 000000018001b5ba     ex_blkHoughTransform_sfun_registry.obj
 0003:000045bb       ?warningGuard@?1??ssGetParentSS@@9@9 000000018001b5bb     ex_blkHoughTransform_sfun_registry.obj
 0003:000045c0       GS_ExceptionRecord         000000018001b5c0     MSVCRT:gs_report.obj
 0003:00004660       GS_ContextRecord           000000018001b660     MSVCRT:gs_report.obj
 0003:00004b30       ?__proc_attached@@3HA      000000018001bb30     MSVCRT:dll_dllmain.obj
 0003:00004b70       ?is_initialized_as_dll@@3_NA 000000018001bb70     MSVCRT:utility.obj
 0003:00004b71       ?module_local_atexit_table_initialized@@3_NA 000000018001bb71     MSVCRT:utility.obj
 0003:00004b78       ?module_local_atexit_table@@3U_onexit_table_t@@A 000000018001bb78     MSVCRT:utility.obj
 0003:00004b90       ?module_local_at_quick_exit_table@@3U_onexit_table_t@@A 000000018001bb90     MSVCRT:utility.obj
